<html>
<body>
<pre>
<h1>µVision Build Log</h1>
<h2>Tool Versions:</h2>
IDE-Version: µVision V5.24.2.0
Copyright (C) 2017 ARM Ltd and ARM Germany GmbH. All rights reserved.
License Information: cuser cuser, cuhksz, LIC=SE702-97AR3-D5PTD-68QYQ-X9RMT-7KG3A
 
Tool Versions:
Toolchain:       MDK-ARM Essential  Version: 5.24.1
Toolchain Path:  C:\Keil_v5\ARM\ARMCC\Bin
C Compiler:      Armcc.exe V5.06 update 5 (build 528)
Assembler:       Armasm.exe V5.06 update 5 (build 528)
Linker/Locator:  ArmLink.exe V5.06 update 5 (build 528)
Library Manager: ArmAr.exe V5.06 update 5 (build 528)
Hex Converter:   FromElf.exe V5.06 update 5 (build 528)
CPU DLL:         SARMCM3.DLL V5.24.1
Dialog DLL:      DCM.DLL V1.16.0.0
Target DLL:      STLink\ST-LINKIII-KEIL_SWO.dll V3.0.1.0
Dialog DLL:      TCM.DLL V1.32.0.0
 
<h2>Project:</h2>
C:\Users\115010267\Desktop\Lab6\Lab6-1\Lab6-1.uvprojx
Project File Date:  05/12/2018

<h2>Output:</h2>
*** Using Compiler 'V5.06 update 5 (build 528)', folder: 'C:\Keil_v5\ARM\ARMCC\Bin'
Build target 'Lab6-1'
compiling main.c...
User\main.c(14): warning:  #1295-D: Deprecated declaration JOYPAD_Init - give arg types
  void JOYPAD_Init();
User\main.c(15): warning:  #1295-D: Deprecated declaration JOYPAD_Init - give arg types
  void JOYPAD_Init();
User\main.c(17): warning:  #1295-D: Deprecated declaration EIE3810_SYSTICK_Init - give arg types
  void EIE3810_SYSTICK_Init();
User\main.c(124): warning:  #68-D: integer conversion resulted in a change of sign
  					xdir = -1;
User\main.c(134): warning:  #68-D: integer conversion resulted in a change of sign
  					if (xdir == -1){ //left
User\main.c(139): warning:  #68-D: integer conversion resulted in a change of sign
  					xdir = -1;
User\main.c(162): warning:  #68-D: integer conversion resulted in a change of sign
  					if (ydir == -1){
User\main.c(216): warning:  #68-D: integer conversion resulted in a change of sign
  						ydir = -1;
User\main.c(349): warning:  #177-D: variable "button1"  was declared but never referenced
  			u8 button1=JoyPadInput & 0x01;
User\main.c(350): warning:  #177-D: variable "button2"  was declared but never referenced
  			u8 button2=JoyPadInput & 0x02;
User\main.c: 10 warnings, 0 errors
linking...
Program Size: Code=17494 RO-data=6418 RW-data=44 ZI-data=1676  
FromELF: creating hex file...
".\Objects\_Lab6-1.axf" - 0 Error(s), 10 Warning(s).

<h2>Software Packages used:</h2>

Package Vendor: ARM
                http://www.keil.com/pack/ARM.CMSIS.5.0.1.pack
                ARM.CMSIS.5.0.1
                CMSIS (Cortex Microcontroller Software Interface Standard)

<h2>Collection of Component include folders:</h2>
  .\RTE\_Lab6-1
  C:\Keil_v5\ARM\PACK\ARM\CMSIS\5.0.1\Device\ARM\ARMCM3\Include

<h2>Collection of Component Files used:</h2>
Build Time Elapsed:  00:00:01
</pre>
</body>
</html>
