Component: ARM Compiler 5.06 update 5 (build 528) Tool: armlink [4d35e2]

==============================================================================

Section Cross References

    eie3810_led.o(i.EIE3810_LED_Init) refers to eie3810_led.o(i.EIE3810_turn_off_LED0) for EIE3810_turn_off_LED0
    eie3810_led.o(i.EIE3810_LED_Init) refers to eie3810_led.o(i.EIE3810_turn_off_LED1) for EIE3810_turn_off_LED1
    eie3810_tftlcd.o(i.EIE3810_TFTLCD_Clear) refers to eie3810_tftlcd.o(i.EIE3810_TFTLCD_FillRectangle) for EIE3810_TFTLCD_FillRectangle
    eie3810_tftlcd.o(i.EIE3810_TFTLCD_DrawALL) refers to eie3810_tftlcd.o(i.EIE3810_TFTLCD_WrCmd) for EIE3810_TFTLCD_WrCmd
    eie3810_tftlcd.o(i.EIE3810_TFTLCD_DrawALL) refers to eie3810_tftlcd.o(i.EIE3810_TFTLCD_WrData) for EIE3810_TFTLCD_WrData
    eie3810_tftlcd.o(i.EIE3810_TFTLCD_DrawCircle) refers to eie3810_tftlcd.o(i.EIE3810_TFTLCD_DrawDot) for EIE3810_TFTLCD_DrawDot
    eie3810_tftlcd.o(i.EIE3810_TFTLCD_DrawDot) refers to eie3810_tftlcd.o(i.EIE3810_TFTLCD_WrCmd) for EIE3810_TFTLCD_WrCmd
    eie3810_tftlcd.o(i.EIE3810_TFTLCD_DrawDot) refers to eie3810_tftlcd.o(i.EIE3810_TFTLCD_WrData) for EIE3810_TFTLCD_WrData
    eie3810_tftlcd.o(i.EIE3810_TFTLCD_FillRectangle) refers to eie3810_tftlcd.o(i.EIE3810_TFTLCD_WrCmd) for EIE3810_TFTLCD_WrCmd
    eie3810_tftlcd.o(i.EIE3810_TFTLCD_FillRectangle) refers to eie3810_tftlcd.o(i.EIE3810_TFTLCD_WrData) for EIE3810_TFTLCD_WrData
    eie3810_tftlcd.o(i.EIE3810_TFTLCD_Init) refers to main.o(i.Delay) for Delay
    eie3810_tftlcd.o(i.EIE3810_TFTLCD_Init) refers to eie3810_tftlcd.o(i.EIE3810_TFTLCD_SetParameter) for EIE3810_TFTLCD_SetParameter
    eie3810_tftlcd.o(i.EIE3810_TFTLCD_SetParameter) refers to eie3810_tftlcd.o(i.EIE3810_TFTLCD_WrCmdData) for EIE3810_TFTLCD_WrCmdData
    eie3810_tftlcd.o(i.EIE3810_TFTLCD_SetParameter) refers to eie3810_tftlcd.o(i.EIE3810_TFTLCD_WrCmd) for EIE3810_TFTLCD_WrCmd
    eie3810_tftlcd.o(i.EIE3810_TFTLCD_SetParameter) refers to main.o(i.Delay) for Delay
    eie3810_tftlcd.o(i.EIE3810_TFTLCD_SevenSegment) refers to eie3810_tftlcd.o(i.EIE3810_TFTLCD_FillRectangle) for EIE3810_TFTLCD_FillRectangle
    eie3810_tftlcd.o(i.EIE3810_TFTLCD_ShowChar) refers to eie3810_tftlcd.o(i.EIE3810_TFTLCD_DrawDot) for EIE3810_TFTLCD_DrawDot
    eie3810_tftlcd.o(i.EIE3810_TFTLCD_ShowChar) refers to eie3810_tftlcd.o(.constdata) for asc2_1608
    eie3810_tftlcd.o(i.EIE3810_TFTLCD_ShowChar2412) refers to eie3810_tftlcd.o(i.EIE3810_TFTLCD_WrCmd) for EIE3810_TFTLCD_WrCmd
    eie3810_tftlcd.o(i.EIE3810_TFTLCD_ShowChar2412) refers to eie3810_tftlcd.o(i.EIE3810_TFTLCD_WrData) for EIE3810_TFTLCD_WrData
    eie3810_tftlcd.o(i.EIE3810_TFTLCD_ShowChar2412) refers to eie3810_tftlcd.o(.constdata) for asc2_2412
    eie3810_tftlcd.o(i.printString) refers to eie3810_tftlcd.o(i.EIE3810_TFTLCD_ShowChar) for EIE3810_TFTLCD_ShowChar
    eie3810_tftlcd.o(i.printString2412) refers to eie3810_tftlcd.o(i.EIE3810_TFTLCD_ShowChar2412) for EIE3810_TFTLCD_ShowChar2412
    eie3810_buzzer.o(i.EIE3810_toggle_Buzzer) refers to eie3810_key.o(i.EIE3810_read_KEY_UP) for EIE3810_read_KEY_UP
    eie3810_buzzer.o(i.EIE3810_toggle_Buzzer) refers to eie3810_buzzer.o(.data) for count2
    eie3810_key.o(i.EXTI0_IRQHandler) refers to eie3810_key.o(i.EIE3810_read_KEY_UP) for EIE3810_read_KEY_UP
    eie3810_key.o(i.EXTI0_IRQHandler) refers to eie3810_tftlcd.o(i.printString) for printString
    eie3810_key.o(i.EXTI0_IRQHandler) refers to main.o(.data) for Page
    eie3810_key.o(i.EXTI0_IRQHandler) refers to eie3810_key.o(.data) for acce
    eie3810_key.o(i.EXTI2_IRQHandler) refers to eie3810_key.o(i.EIE3810_read_KEY2) for EIE3810_read_KEY2
    eie3810_key.o(i.EXTI2_IRQHandler) refers to eie3810_tftlcd.o(i.EIE3810_TFTLCD_FillRectangle) for EIE3810_TFTLCD_FillRectangle
    eie3810_key.o(i.EXTI2_IRQHandler) refers to main.o(.data) for Page
    eie3810_key.o(i.EXTI3_IRQHandler) refers to eie3810_key.o(i.EIE3810_read_KEY1) for EIE3810_read_KEY1
    eie3810_key.o(i.EXTI3_IRQHandler) refers to eie3810_tftlcd.o(i.printString) for printString
    eie3810_key.o(i.EXTI3_IRQHandler) refers to eie3810_led.o(i.EIE3810_turn_on_LED1) for EIE3810_turn_on_LED1
    eie3810_key.o(i.EXTI3_IRQHandler) refers to eie3810_led.o(i.EIE3810_turn_off_LED1) for EIE3810_turn_off_LED1
    eie3810_key.o(i.EXTI3_IRQHandler) refers to main.o(.data) for Page
    eie3810_key.o(i.EXTI3_IRQHandler) refers to eie3810_key.o(.data) for count
    eie3810_key.o(i.EXTI4_IRQHandler) refers to eie3810_key.o(i.EIE3810_read_KEY0) for EIE3810_read_KEY0
    eie3810_key.o(i.EXTI4_IRQHandler) refers to eie3810_tftlcd.o(i.EIE3810_TFTLCD_FillRectangle) for EIE3810_TFTLCD_FillRectangle
    eie3810_key.o(i.EXTI4_IRQHandler) refers to eie3810_tftlcd.o(i.printString2412) for printString2412
    eie3810_key.o(i.EXTI4_IRQHandler) refers to eie3810_tftlcd.o(i.printString) for printString
    eie3810_key.o(i.EXTI4_IRQHandler) refers to main.o(i.Delay) for Delay
[...]
    Removing stm32f10x_i2c.o(i.I2C_Init), (236 bytes).
    Removing stm32f10x_i2c.o(i.I2C_NACKPositionConfig), (28 bytes).
    Removing stm32f10x_i2c.o(i.I2C_OwnAddress2Config), (22 bytes).
    Removing stm32f10x_i2c.o(i.I2C_PECPositionConfig), (28 bytes).
    Removing stm32f10x_i2c.o(i.I2C_ReadRegister), (22 bytes).
    Removing stm32f10x_i2c.o(i.I2C_ReceiveData), (8 bytes).
    Removing stm32f10x_i2c.o(i.I2C_SMBusAlertConfig), (28 bytes).
    Removing stm32f10x_i2c.o(i.I2C_Send7bitAddress), (18 bytes).
    Removing stm32f10x_i2c.o(i.I2C_SendData), (4 bytes).
    Removing stm32f10x_i2c.o(i.I2C_SoftwareResetCmd), (22 bytes).
    Removing stm32f10x_i2c.o(i.I2C_StretchClockCmd), (24 bytes).
    Removing stm32f10x_i2c.o(i.I2C_StructInit), (30 bytes).
    Removing stm32f10x_i2c.o(i.I2C_TransmitPEC), (24 bytes).
    Removing stm32f10x_iwdg.o(i.IWDG_Enable), (16 bytes).
    Removing stm32f10x_iwdg.o(i.IWDG_GetFlagStatus), (24 bytes).
    Removing stm32f10x_iwdg.o(i.IWDG_ReloadCounter), (16 bytes).
    Removing stm32f10x_iwdg.o(i.IWDG_SetPrescaler), (12 bytes).
    Removing stm32f10x_iwdg.o(i.IWDG_SetReload), (12 bytes).
    Removing stm32f10x_iwdg.o(i.IWDG_WriteAccessCmd), (12 bytes).
    Removing stm32f10x_pwr.o(i.PWR_BackupAccessCmd), (12 bytes).
    Removing stm32f10x_pwr.o(i.PWR_ClearFlag), (20 bytes).
    Removing stm32f10x_pwr.o(i.PWR_DeInit), (22 bytes).
    Removing stm32f10x_pwr.o(i.PWR_EnterSTANDBYMode), (52 bytes).
    Removing stm32f10x_pwr.o(i.PWR_EnterSTOPMode), (64 bytes).
    Removing stm32f10x_pwr.o(i.PWR_GetFlagStatus), (24 bytes).
    Removing stm32f10x_pwr.o(i.PWR_PVDCmd), (12 bytes).
    Removing stm32f10x_pwr.o(i.PWR_PVDLevelConfig), (24 bytes).
    Removing stm32f10x_pwr.o(i.PWR_WakeUpPinCmd), (12 bytes).
    Removing stm32f10x_rcc.o(i.RCC_ADCCLKConfig), (24 bytes).
    Removing stm32f10x_rcc.o(i.RCC_AHBPeriphClockCmd), (32 bytes).
    Removing stm32f10x_rcc.o(i.RCC_APB1PeriphClockCmd), (32 bytes).
    Removing stm32f10x_rcc.o(i.RCC_APB1PeriphResetCmd), (32 bytes).
    Removing stm32f10x_rcc.o(i.RCC_APB2PeriphClockCmd), (32 bytes).
    Removing stm32f10x_rcc.o(i.RCC_APB2PeriphResetCmd), (32 bytes).
    Removing stm32f10x_rcc.o(i.RCC_AdjustHSICalibrationValue), (24 bytes).
    Removing stm32f10x_rcc.o(i.RCC_BackupResetCmd), (12 bytes).
    Removing stm32f10x_rcc.o(i.RCC_ClearFlag), (20 bytes).
    Removing stm32f10x_rcc.o(i.RCC_ClearITPendingBit), (12 bytes).
    Removing stm32f10x_rcc.o(i.RCC_ClockSecuritySystemCmd), (12 bytes).
    Removing stm32f10x_rcc.o(i.RCC_DeInit), (76 bytes).
    Removing stm32f10x_rcc.o(i.RCC_GetClocksFreq), (212 bytes).
    Removing stm32f10x_rcc.o(i.RCC_GetFlagStatus), (60 bytes).
    Removing stm32f10x_rcc.o(i.RCC_GetITStatus), (24 bytes).
    Removing stm32f10x_rcc.o(i.RCC_GetSYSCLKSource), (16 bytes).
    Removing stm32f10x_rcc.o(i.RCC_HCLKConfig), (24 bytes).
    Removing stm32f10x_rcc.o(i.RCC_HSEConfig), (76 bytes).
    Removing stm32f10x_rcc.o(i.RCC_HSICmd), (12 bytes).
    Removing stm32f10x_rcc.o(i.RCC_ITConfig), (32 bytes).
    Removing stm32f10x_rcc.o(i.RCC_LSEConfig), (52 bytes).
    Removing stm32f10x_rcc.o(i.RCC_LSICmd), (12 bytes).
    Removing stm32f10x_rcc.o(i.RCC_MCOConfig), (12 bytes).
    Removing stm32f10x_rcc.o(i.RCC_PCLK1Config), (24 bytes).
    Removing stm32f10x_rcc.o(i.RCC_PCLK2Config), (24 bytes).
    Removing stm32f10x_rcc.o(i.RCC_PLLCmd), (12 bytes).
    Removing stm32f10x_rcc.o(i.RCC_PLLConfig), (28 bytes).
    Removing stm32f10x_rcc.o(i.RCC_RTCCLKCmd), (12 bytes).
    Removing stm32f10x_rcc.o(i.RCC_RTCCLKConfig), (16 bytes).
    Removing stm32f10x_rcc.o(i.RCC_SYSCLKConfig), (24 bytes).
    Removing stm32f10x_rcc.o(i.RCC_USBCLKConfig), (12 bytes).
    Removing stm32f10x_rcc.o(i.RCC_WaitForHSEStartUp), (56 bytes).
    Removing stm32f10x_rcc.o(.data), (20 bytes).
    Removing stm32f10x_rtc.o(i.RTC_ClearFlag), (16 bytes).
    Removing stm32f10x_rtc.o(i.RTC_ClearITPendingBit), (16 bytes).
    Removing stm32f10x_rtc.o(i.RTC_EnterConfigMode), (20 bytes).
    Removing stm32f10x_rtc.o(i.RTC_ExitConfigMode), (20 bytes).
    Removing stm32f10x_rtc.o(i.RTC_GetCounter), (20 bytes).
    Removing stm32f10x_rtc.o(i.RTC_GetDivider), (24 bytes).
    Removing stm32f10x_rtc.o(i.RTC_GetFlagStatus), (24 bytes).
    Removing stm32f10x_rtc.o(i.RTC_GetITStatus), (36 bytes).
    Removing stm32f10x_rtc.o(i.RTC_ITConfig), (32 bytes).
    Removing stm32f10x_rtc.o(i.RTC_SetAlarm), (28 bytes).
    Removing stm32f10x_rtc.o(i.RTC_SetCounter), (28 bytes).
    Removing stm32f10x_rtc.o(i.RTC_SetPrescaler), (32 bytes).
    Removing stm32f10x_rtc.o(i.RTC_WaitForLastTask), (20 bytes).
    Removing stm32f10x_rtc.o(i.RTC_WaitForSynchro), (36 bytes).
    Removing stm32f10x_sdio.o(i.SDIO_CEATAITCmd), (16 bytes).
    Removing stm32f10x_sdio.o(i.SDIO_ClearFlag), (12 bytes).
    Removing stm32f10x_sdio.o(i.SDIO_ClearITPendingBit), (12 bytes).
    Removing stm32f10x_sdio.o(i.SDIO_ClockCmd), (12 bytes).
    Removing stm32f10x_sdio.o(i.SDIO_CmdStructInit), (14 bytes).
    Removing stm32f10x_sdio.o(i.SDIO_CommandCompletionCmd), (12 bytes).
    Removing stm32f10x_sdio.o(i.SDIO_DMACmd), (12 bytes).
    Removing stm32f10x_sdio.o(i.SDIO_DataConfig), (48 bytes).
    Removing stm32f10x_sdio.o(i.SDIO_DataStructInit), (20 bytes).
    Removing stm32f10x_sdio.o(i.SDIO_DeInit), (36 bytes).
    Removing stm32f10x_sdio.o(i.SDIO_GetCommandResponse), (12 bytes).
    Removing stm32f10x_sdio.o(i.SDIO_GetDataCounter), (12 bytes).
    Removing stm32f10x_sdio.o(i.SDIO_GetFIFOCount), (12 bytes).
    Removing stm32f10x_sdio.o(i.SDIO_GetFlagStatus), (24 bytes).
    Removing stm32f10x_sdio.o(i.SDIO_GetITStatus), (24 bytes).
    Removing stm32f10x_sdio.o(i.SDIO_GetPowerState), (16 bytes).
    Removing stm32f10x_sdio.o(i.SDIO_GetResponse), (24 bytes).
    Removing stm32f10x_sdio.o(i.SDIO_ITConfig), (32 bytes).
    Removing stm32f10x_sdio.o(i.SDIO_Init), (48 bytes).
    Removing stm32f10x_sdio.o(i.SDIO_ReadData), (12 bytes).
    Removing stm32f10x_sdio.o(i.SDIO_SendCEATACmd), (12 bytes).
    Removing stm32f10x_sdio.o(i.SDIO_SendCommand), (44 bytes).
    Removing stm32f10x_sdio.o(i.SDIO_SendSDIOSuspendCmd), (12 bytes).
    Removing stm32f10x_sdio.o(i.SDIO_SetPowerState), (28 bytes).
    Removing stm32f10x_sdio.o(i.SDIO_SetSDIOOperation), (12 bytes).
    Removing stm32f10x_sdio.o(i.SDIO_SetSDIOReadWaitMode), (12 bytes).
    Removing stm32f10x_sdio.o(i.SDIO_StartSDIOReadWait), (12 bytes).
    Removing stm32f10x_sdio.o(i.SDIO_StopSDIOReadWait), (12 bytes).
    Removing stm32f10x_sdio.o(i.SDIO_StructInit), (16 bytes).
    Removing stm32f10x_sdio.o(i.SDIO_WriteData), (12 bytes).
    Removing stm32f10x_spi.o(i.I2S_Cmd), (24 bytes).
    Removing stm32f10x_spi.o(i.I2S_Init), (232 bytes).
    Removing stm32f10x_spi.o(i.I2S_StructInit), (20 bytes).
    Removing stm32f10x_spi.o(i.SPI_BiDirectionalLineConfig), (28 bytes).
    Removing stm32f10x_spi.o(i.SPI_CalculateCRC), (24 bytes).
    Removing stm32f10x_spi.o(i.SPI_Cmd), (24 bytes).
    Removing stm32f10x_spi.o(i.SPI_DataSizeConfig), (18 bytes).
    Removing stm32f10x_spi.o(i.SPI_GetCRC), (16 bytes).
    Removing stm32f10x_spi.o(i.SPI_GetCRCPolynomial), (6 bytes).
    Removing stm32f10x_spi.o(i.SPI_I2S_ClearFlag), (6 bytes).
    Removing stm32f10x_spi.o(i.SPI_I2S_ClearITPendingBit), (20 bytes).
    Removing stm32f10x_spi.o(i.SPI_I2S_DMACmd), (18 bytes).
    Removing stm32f10x_spi.o(i.SPI_I2S_DeInit), (88 bytes).
    Removing stm32f10x_spi.o(i.SPI_I2S_GetFlagStatus), (18 bytes).
    Removing stm32f10x_spi.o(i.SPI_I2S_GetITStatus), (52 bytes).
    Removing stm32f10x_spi.o(i.SPI_I2S_ITConfig), (32 bytes).
    Removing stm32f10x_spi.o(i.SPI_I2S_ReceiveData), (6 bytes).
    Removing stm32f10x_spi.o(i.SPI_I2S_SendData), (4 bytes).
    Removing stm32f10x_spi.o(i.SPI_Init), (60 bytes).
    Removing stm32f10x_spi.o(i.SPI_NSSInternalSoftwareConfig), (30 bytes).
    Removing stm32f10x_spi.o(i.SPI_SSOutputCmd), (24 bytes).
    Removing stm32f10x_spi.o(i.SPI_StructInit), (24 bytes).
    Removing stm32f10x_spi.o(i.SPI_TransmitCRC), (10 bytes).
    Removing stm32f10x_tim.o(i.TI1_Config), (128 bytes).
    Removing stm32f10x_tim.o(i.TI2_Config), (152 bytes).
    Removing stm32f10x_tim.o(i.TI3_Config), (144 bytes).
    Removing stm32f10x_tim.o(i.TI4_Config), (152 bytes).
    Removing stm32f10x_tim.o(i.TIM_ARRPreloadConfig), (24 bytes).
    Removing stm32f10x_tim.o(i.TIM_BDTRConfig), (32 bytes).
    Removing stm32f10x_tim.o(i.TIM_BDTRStructInit), (18 bytes).
    Removing stm32f10x_tim.o(i.TIM_CCPreloadControl), (24 bytes).
    Removing stm32f10x_tim.o(i.TIM_CCxCmd), (30 bytes).
    Removing stm32f10x_tim.o(i.TIM_CCxNCmd), (30 bytes).
    Removing stm32f10x_tim.o(i.TIM_ClearFlag), (6 bytes).
    Removing stm32f10x_tim.o(i.TIM_ClearITPendingBit), (6 bytes).
    Removing stm32f10x_tim.o(i.TIM_ClearOC1Ref), (18 bytes).
    Removing stm32f10x_tim.o(i.TIM_ClearOC2Ref), (24 bytes).
    Removing stm32f10x_tim.o(i.TIM_ClearOC3Ref), (18 bytes).
    Removing stm32f10x_tim.o(i.TIM_ClearOC4Ref), (24 bytes).
    Removing stm32f10x_tim.o(i.TIM_Cmd), (24 bytes).
    Removing stm32f10x_tim.o(i.TIM_CounterModeConfig), (18 bytes).
    Removing stm32f10x_tim.o(i.TIM_CtrlPWMOutputs), (30 bytes).
    Removing stm32f10x_tim.o(i.TIM_DMACmd), (18 bytes).
    Removing stm32f10x_tim.o(i.TIM_DMAConfig), (10 bytes).
    Removing stm32f10x_tim.o(i.TIM_DeInit), (488 bytes).
    Removing stm32f10x_tim.o(i.TIM_ETRClockMode1Config), (54 bytes).
    Removing stm32f10x_tim.o(i.TIM_ETRClockMode2Config), (32 bytes).
    Removing stm32f10x_tim.o(i.TIM_ETRConfig), (28 bytes).
    Removing stm32f10x_tim.o(i.TIM_EncoderInterfaceConfig), (66 bytes).
    Removing stm32f10x_tim.o(i.TIM_ForcedOC1Config), (18 bytes).
    Removing stm32f10x_tim.o(i.TIM_ForcedOC2Config), (26 bytes).
    Removing stm32f10x_tim.o(i.TIM_ForcedOC3Config), (18 bytes).
    Removing stm32f10x_tim.o(i.TIM_ForcedOC4Config), (26 bytes).
    Removing stm32f10x_tim.o(i.TIM_GenerateEvent), (4 bytes).
    Removing stm32f10x_tim.o(i.TIM_GetCapture1), (6 bytes).
    Removing stm32f10x_tim.o(i.TIM_GetCapture2), (6 bytes).
    Removing stm32f10x_tim.o(i.TIM_GetCapture3), (6 bytes).
    Removing stm32f10x_tim.o(i.TIM_GetCapture4), (8 bytes).
    Removing stm32f10x_tim.o(i.TIM_GetCounter), (6 bytes).
    Removing stm32f10x_tim.o(i.TIM_GetFlagStatus), (18 bytes).
    Removing stm32f10x_tim.o(i.TIM_GetITStatus), (34 bytes).
    Removing stm32f10x_tim.o(i.TIM_GetPrescaler), (6 bytes).
    Removing stm32f10x_tim.o(i.TIM_ICInit), (172 bytes).
    Removing stm32f10x_tim.o(i.TIM_ICStructInit), (18 bytes).
    Removing stm32f10x_tim.o(i.TIM_ITConfig), (18 bytes).
    Removing stm32f10x_tim.o(i.TIM_ITRxExternalClockConfig), (24 bytes).
    Removing stm32f10x_tim.o(i.TIM_InternalClockConfig), (12 bytes).
    Removing stm32f10x_tim.o(i.TIM_OC1FastConfig), (18 bytes).
    Removing stm32f10x_tim.o(i.TIM_OC1Init), (152 bytes).
    Removing stm32f10x_tim.o(i.TIM_OC1NPolarityConfig), (18 bytes).
    Removing stm32f10x_tim.o(i.TIM_OC1PolarityConfig), (18 bytes).
    Removing stm32f10x_tim.o(i.TIM_OC1PreloadConfig), (18 bytes).
    Removing stm32f10x_tim.o(i.TIM_OC2FastConfig), (26 bytes).
    Removing stm32f10x_tim.o(i.TIM_OC2Init), (164 bytes).
    Removing stm32f10x_tim.o(i.TIM_OC2NPolarityConfig), (26 bytes).
    Removing stm32f10x_tim.o(i.TIM_OC2PolarityConfig), (26 bytes).
    Removing stm32f10x_tim.o(i.TIM_OC2PreloadConfig), (26 bytes).
    Removing stm32f10x_tim.o(i.TIM_OC3FastConfig), (18 bytes).
    Removing stm32f10x_tim.o(i.TIM_OC3Init), (160 bytes).
    Removing stm32f10x_tim.o(i.TIM_OC3NPolarityConfig), (26 bytes).
    Removing stm32f10x_tim.o(i.TIM_OC3PolarityConfig), (26 bytes).
    Removing stm32f10x_tim.o(i.TIM_OC3PreloadConfig), (18 bytes).
    Removing stm32f10x_tim.o(i.TIM_OC4FastConfig), (26 bytes).
    Removing stm32f10x_tim.o(i.TIM_OC4Init), (124 bytes).
    Removing stm32f10x_tim.o(i.TIM_OC4PolarityConfig), (26 bytes).
    Removing stm32f10x_tim.o(i.TIM_OC4PreloadConfig), (26 bytes).
    Removing stm32f10x_tim.o(i.TIM_OCStructInit), (20 bytes).
    Removing stm32f10x_tim.o(i.TIM_PWMIConfig), (124 bytes).
    Removing stm32f10x_tim.o(i.TIM_PrescalerConfig), (6 bytes).
    Removing stm32f10x_tim.o(i.TIM_SelectCCDMA), (24 bytes).
    Removing stm32f10x_tim.o(i.TIM_SelectCOM), (24 bytes).
    Removing stm32f10x_tim.o(i.TIM_SelectHallSensor), (24 bytes).
    Removing stm32f10x_tim.o(i.TIM_SelectInputTrigger), (18 bytes).
    Removing stm32f10x_tim.o(i.TIM_SelectMasterSlaveMode), (18 bytes).
    Removing stm32f10x_tim.o(i.TIM_SelectOCxM), (82 bytes).
    Removing stm32f10x_tim.o(i.TIM_SelectOnePulseMode), (18 bytes).
    Removing stm32f10x_tim.o(i.TIM_SelectOutputTrigger), (18 bytes).
    Removing stm32f10x_tim.o(i.TIM_SelectSlaveMode), (18 bytes).
    Removing stm32f10x_tim.o(i.TIM_SetAutoreload), (4 bytes).
    Removing stm32f10x_tim.o(i.TIM_SetClockDivision), (18 bytes).
    Removing stm32f10x_tim.o(i.TIM_SetCompare1), (4 bytes).
    Removing stm32f10x_tim.o(i.TIM_SetCompare2), (4 bytes).
    Removing stm32f10x_tim.o(i.TIM_SetCompare3), (4 bytes).
    Removing stm32f10x_tim.o(i.TIM_SetCompare4), (6 bytes).
    Removing stm32f10x_tim.o(i.TIM_SetCounter), (4 bytes).
    Removing stm32f10x_tim.o(i.TIM_SetIC1Prescaler), (18 bytes).
    Removing stm32f10x_tim.o(i.TIM_SetIC2Prescaler), (26 bytes).
    Removing stm32f10x_tim.o(i.TIM_SetIC3Prescaler), (18 bytes).
    Removing stm32f10x_tim.o(i.TIM_SetIC4Prescaler), (26 bytes).
    Removing stm32f10x_tim.o(i.TIM_TIxExternalClockConfig), (62 bytes).
    Removing stm32f10x_tim.o(i.TIM_TimeBaseInit), (164 bytes).
    Removing stm32f10x_tim.o(i.TIM_TimeBaseStructInit), (18 bytes).
    Removing stm32f10x_tim.o(i.TIM_UpdateDisableConfig), (24 bytes).
    Removing stm32f10x_tim.o(i.TIM_UpdateRequestConfig), (24 bytes).
    Removing stm32f10x_usart.o(i.USART_ClearFlag), (18 bytes).
    Removing stm32f10x_usart.o(i.USART_ClearITPendingBit), (30 bytes).
    Removing stm32f10x_usart.o(i.USART_ClockInit), (34 bytes).
    Removing stm32f10x_usart.o(i.USART_ClockStructInit), (12 bytes).
    Removing stm32f10x_usart.o(i.USART_Cmd), (24 bytes).
    Removing stm32f10x_usart.o(i.USART_DMACmd), (18 bytes).
    Removing stm32f10x_usart.o(i.USART_DeInit), (156 bytes).
    Removing stm32f10x_usart.o(i.USART_GetFlagStatus), (26 bytes).
    Removing stm32f10x_usart.o(i.USART_GetITStatus), (84 bytes).
    Removing stm32f10x_usart.o(i.USART_HalfDuplexCmd), (24 bytes).
    Removing stm32f10x_usart.o(i.USART_ITConfig), (74 bytes).
    Removing stm32f10x_usart.o(i.USART_Init), (216 bytes).
    Removing stm32f10x_usart.o(i.USART_IrDACmd), (24 bytes).
    Removing stm32f10x_usart.o(i.USART_IrDAConfig), (18 bytes).
    Removing stm32f10x_usart.o(i.USART_LINBreakDetectLengthConfig), (18 bytes).
    Removing stm32f10x_usart.o(i.USART_LINCmd), (24 bytes).
    Removing stm32f10x_usart.o(i.USART_OneBitMethodCmd), (24 bytes).
    Removing stm32f10x_usart.o(i.USART_OverSampling8Cmd), (22 bytes).
    Removing stm32f10x_usart.o(i.USART_ReceiveData), (10 bytes).
    Removing stm32f10x_usart.o(i.USART_ReceiverWakeUpCmd), (24 bytes).
    Removing stm32f10x_usart.o(i.USART_SendBreak), (10 bytes).
    Removing stm32f10x_usart.o(i.USART_SendData), (8 bytes).
    Removing stm32f10x_usart.o(i.USART_SetAddress), (18 bytes).
    Removing stm32f10x_usart.o(i.USART_SetGuardTime), (16 bytes).
    Removing stm32f10x_usart.o(i.USART_SetPrescaler), (16 bytes).
    Removing stm32f10x_usart.o(i.USART_SmartCardCmd), (24 bytes).
    Removing stm32f10x_usart.o(i.USART_SmartCardNACKCmd), (24 bytes).
    Removing stm32f10x_usart.o(i.USART_StructInit), (24 bytes).
    Removing stm32f10x_usart.o(i.USART_WakeUpConfig), (18 bytes).
    Removing stm32f10x_wwdg.o(i.WWDG_ClearFlag), (12 bytes).
    Removing stm32f10x_wwdg.o(i.WWDG_DeInit), (22 bytes).
    Removing stm32f10x_wwdg.o(i.WWDG_Enable), (16 bytes).
    Removing stm32f10x_wwdg.o(i.WWDG_EnableIT), (12 bytes).
    Removing stm32f10x_wwdg.o(i.WWDG_GetFlagStatus), (12 bytes).
    Removing stm32f10x_wwdg.o(i.WWDG_SetCounter), (16 bytes).
    Removing stm32f10x_wwdg.o(i.WWDG_SetPrescaler), (24 bytes).
    Removing stm32f10x_wwdg.o(i.WWDG_SetWindowValue), (40 bytes).
    Removing main.o(i.JOYPAD_Delay), (14 bytes).

482 unused section(s) (total 19958 bytes) removed from the image.

==============================================================================

Image Symbol Table

    Local Symbols

    Symbol Name                              Value     Ov Type        Size  Object(Section)

    ../clib/angel/boardlib.s                 0x00000000   Number         0  boardinit2.o ABSOLUTE
    ../clib/angel/boardlib.s                 0x00000000   Number         0  boardinit3.o ABSOLUTE
    ../clib/angel/boardlib.s                 0x00000000   Number         0  boardinit1.o ABSOLUTE
    ../clib/angel/boardlib.s                 0x00000000   Number         0  boardshut.o ABSOLUTE
    ../clib/angel/handlers.s                 0x00000000   Number         0  __scatter_copy.o ABSOLUTE
    ../clib/angel/handlers.s                 0x00000000   Number         0  __scatter_zi.o ABSOLUTE
    ../clib/angel/kernel.s                   0x00000000   Number         0  rtexit2.o ABSOLUTE
    ../clib/angel/kernel.s                   0x00000000   Number         0  __rtentry.o ABSOLUTE
    ../clib/angel/kernel.s                   0x00000000   Number         0  rtexit.o ABSOLUTE
    ../clib/angel/kernel.s                   0x00000000   Number         0  __rtentry4.o ABSOLUTE
    ../clib/angel/kernel.s                   0x00000000   Number         0  __rtentry2.o ABSOLUTE
    ../clib/angel/rt.s                       0x00000000   Number         0  rt_raise.o ABSOLUTE
    ../clib/angel/scatter.s                  0x00000000   Number         0  __scatter.o ABSOLUTE
    ../clib/angel/startup.s                  0x00000000   Number         0  __main.o ABSOLUTE
    ../clib/angel/sys.s                      0x00000000   Number         0  indicate_semi.o ABSOLUTE
    ../clib/angel/sys.s                      0x00000000   Number         0  libspace.o ABSOLUTE
    ../clib/angel/sys.s                      0x00000000   Number         0  sys_stackheap_outer.o ABSOLUTE
    ../clib/angel/sys.s                      0x00000000   Number         0  use_no_semi.o ABSOLUTE
    ../clib/angel/sysapp.c                   0x00000000   Number         0  sys_wrch.o ABSOLUTE
    ../clib/angel/sysapp.c                   0x00000000   Number         0  sys_exit.o ABSOLUTE
    ../clib/angel/sysapp.c                   0x00000000   Number         0  sys_command.o ABSOLUTE
    ../clib/armsys.c                         0x00000000   Number         0  argv_veneer.o ABSOLUTE
    ../clib/armsys.c                         0x00000000   Number         0  argv_veneer.o ABSOLUTE
    ../clib/armsys.c                         0x00000000   Number         0  no_argv.o ABSOLUTE
    ../clib/armsys.c                         0x00000000   Number         0  _get_argv_nomalloc.o ABSOLUTE
    ../clib/heapalloc.c                      0x00000000   Number         0  hrguard.o ABSOLUTE
    ../clib/heapaux.c                        0x00000000   Number         0  heapauxi.o ABSOLUTE
    ../clib/libinit.s                        0x00000000   Number         0  libinit.o ABSOLUTE
    ../clib/libinit.s                        0x00000000   Number         0  libshutdown.o ABSOLUTE
    ../clib/libinit.s                        0x00000000   Number         0  libshutdown2.o ABSOLUTE
    ../clib/libinit.s                        0x00000000   Number         0  libinit2.o ABSOLUTE
    ../clib/printf.c                         0x00000000   Number         0  __printf.o ABSOLUTE
    ../clib/printf.c                         0x00000000   Number         0  __printf_nopercent.o ABSOLUTE
    ../clib/printf.c                         0x00000000   Number         0  __printf_flags_ss_wp.o ABSOLUTE
    ../clib/printf.c                         0x00000000   Number         0  _printf_dec.o ABSOLUTE
    ../clib/printf.c                         0x00000000   Number         0  _sputc.o ABSOLUTE
    ../clib/printf.c                         0x00000000   Number         0  __printf_ss.o ABSOLUTE
    ../clib/printf.c                         0x00000000   Number         0  __printf_flags_ss.o ABSOLUTE
    ../clib/printf.c                         0x00000000   Number         0  __printf_wp.o ABSOLUTE
    ../clib/printf.c                         0x00000000   Number         0  __printf_flags_wp.o ABSOLUTE
    ../clib/printf.c                         0x00000000   Number         0  __printf_ss_wp.o ABSOLUTE
    ../clib/printf.c                         0x00000000   Number         0  __printf_flags.o ABSOLUTE
    ../clib/printf.c                         0x00000000   Number         0  _printf_intcommon.o ABSOLUTE
    ../clib/printf.c                         0x00000000   Number         0  __2sprintf.o ABSOLUTE
    ../clib/printf.c                         0x00000000   Number         0  noretval__2sprintf.o ABSOLUTE
    ../clib/printf.c                         0x00000000   Number         0  _printf_char_common.o ABSOLUTE
    ../clib/printf_percent.s                 0x00000000   Number         0  _printf_percent.o ABSOLUTE
    ../clib/printf_percent.s                 0x00000000   Number         0  _printf_percent_end.o ABSOLUTE
    ../clib/printf_percent.s                 0x00000000   Number         0  _printf_d.o ABSOLUTE
    ../clib/signal.c                         0x00000000   Number         0  defsig_rtred_inner.o ABSOLUTE
    ../clib/signal.c                         0x00000000   Number         0  defsig_abrt_inner.o ABSOLUTE
    ../clib/signal.c                         0x00000000   Number         0  defsig_general.o ABSOLUTE
    ../clib/signal.c                         0x00000000   Number         0  __raise.o ABSOLUTE
    ../clib/signal.c                         0x00000000   Number         0  defsig_rtmem_inner.o ABSOLUTE
    ../clib/signal.c                         0x00000000   Number         0  defsig_exit.o ABSOLUTE
    ../clib/signal.c                         0x00000000   Number         0  defsig_rtmem_outer.o ABSOLUTE
    ../clib/signal.c                         0x00000000   Number         0  defsig_fpe_inner.o ABSOLUTE
    ../clib/signal.c                         0x00000000   Number         0  defsig_other.o ABSOLUTE
    ../clib/signal.c                         0x00000000   Number         0  defsig_segv_inner.o ABSOLUTE
    ../clib/signal.c                         0x00000000   Number         0  defsig_cppl_inner.o ABSOLUTE
    ../clib/signal.c                         0x00000000   Number         0  defsig_pvfn_inner.o ABSOLUTE
    ../clib/signal.c                         0x00000000   Number         0  defsig_stak_inner.o ABSOLUTE
    ../clib/signal.c                         0x00000000   Number         0  defsig_rtmem_formal.o ABSOLUTE
    ../clib/signal.s                         0x00000000   Number         0  defsig.o ABSOLUTE
    ../clib/stdlib.c                         0x00000000   Number         0  exit.o ABSOLUTE
    ../fplib/faddsub.s                       0x00000000   Number         0  faddsub_clz.o ABSOLUTE
    ../fplib/fdiv.s                          0x00000000   Number         0  fdiv.o ABSOLUTE
    ../fplib/ffixu.s                         0x00000000   Number         0  ffixu.o ABSOLUTE
    ../fplib/fflt.s                          0x00000000   Number         0  fflt_clz.o ABSOLUTE
    ../fplib/fmul.s                          0x00000000   Number         0  fmul.o ABSOLUTE
    ../fplib/fnaninf.s                       0x00000000   Number         0  fnaninf.o ABSOLUTE
    ../fplib/fpinit.s                        0x00000000   Number         0  fpinit.o ABSOLUTE
    ../fplib/fretinf.s                       0x00000000   Number         0  fretinf.o ABSOLUTE
    ../fplib/usenofp.s                       0x00000000   Number         0  usenofp.o ABSOLUTE
    Board\EIE3810_Buzzer.c                   0x00000000   Number         0  eie3810_buzzer.o ABSOLUTE
    Board\EIE3810_Clock.c                    0x00000000   Number         0  eie3810_clock.o ABSOLUTE
    Board\EIE3810_Key.c                      0x00000000   Number         0  eie3810_key.o ABSOLUTE
    Board\EIE3810_LED.c                      0x00000000   Number         0  eie3810_led.o ABSOLUTE
    Board\EIE3810_TFTLCD.c                   0x00000000   Number         0  eie3810_tftlcd.o ABSOLUTE
    Board\EIE3810_USART.c                    0x00000000   Number         0  eie3810_usart.o ABSOLUTE
    Core\\core_cm3.c                         0x00000000   Number         0  core_cm3.o ABSOLUTE
    Core\core_cm3.c                          0x00000000   Number         0  core_cm3.o ABSOLUTE
    Core\startup_stm32f10x_hd.s              0x00000000   Number         0  startup_stm32f10x_hd.o ABSOLUTE
    Core\system_stm32f10x.c                  0x00000000   Number         0  system_stm32f10x.o ABSOLUTE
    Fw_lib\src\misc.c                        0x00000000   Number         0  misc.o ABSOLUTE
    Fw_lib\src\stm32f10x_adc.c               0x00000000   Number         0  stm32f10x_adc.o ABSOLUTE
    Fw_lib\src\stm32f10x_bkp.c               0x00000000   Number         0  stm32f10x_bkp.o ABSOLUTE
    Fw_lib\src\stm32f10x_can.c               0x00000000   Number         0  stm32f10x_can.o ABSOLUTE
    Fw_lib\src\stm32f10x_cec.c               0x00000000   Number         0  stm32f10x_cec.o ABSOLUTE
    Fw_lib\src\stm32f10x_crc.c               0x00000000   Number         0  stm32f10x_crc.o ABSOLUTE
    Fw_lib\src\stm32f10x_dac.c               0x00000000   Number         0  stm32f10x_dac.o ABSOLUTE
    Fw_lib\src\stm32f10x_dbgmcu.c            0x00000000   Number         0  stm32f10x_dbgmcu.o ABSOLUTE
    Fw_lib\src\stm32f10x_dma.c               0x00000000   Number         0  stm32f10x_dma.o ABSOLUTE
    Fw_lib\src\stm32f10x_exti.c              0x00000000   Number         0  stm32f10x_exti.o ABSOLUTE
    Fw_lib\src\stm32f10x_flash.c             0x00000000   Number         0  stm32f10x_flash.o ABSOLUTE
    Fw_lib\src\stm32f10x_fsmc.c              0x00000000   Number         0  stm32f10x_fsmc.o ABSOLUTE
    Fw_lib\src\stm32f10x_gpio.c              0x00000000   Number         0  stm32f10x_gpio.o ABSOLUTE
    Fw_lib\src\stm32f10x_i2c.c               0x00000000   Number         0  stm32f10x_i2c.o ABSOLUTE
    Fw_lib\src\stm32f10x_iwdg.c              0x00000000   Number         0  stm32f10x_iwdg.o ABSOLUTE
    Fw_lib\src\stm32f10x_pwr.c               0x00000000   Number         0  stm32f10x_pwr.o ABSOLUTE
    Fw_lib\src\stm32f10x_rcc.c               0x00000000   Number         0  stm32f10x_rcc.o ABSOLUTE
    Fw_lib\src\stm32f10x_rtc.c               0x00000000   Number         0  stm32f10x_rtc.o ABSOLUTE
    Fw_lib\src\stm32f10x_sdio.c              0x00000000   Number         0  stm32f10x_sdio.o ABSOLUTE
    Fw_lib\src\stm32f10x_spi.c               0x00000000   Number         0  stm32f10x_spi.o ABSOLUTE
    Fw_lib\src\stm32f10x_tim.c               0x00000000   Number         0  stm32f10x_tim.o ABSOLUTE
    Fw_lib\src\stm32f10x_usart.c             0x00000000   Number         0  stm32f10x_usart.o ABSOLUTE
    Fw_lib\src\stm32f10x_wwdg.c              0x00000000   Number         0  stm32f10x_wwdg.o ABSOLUTE
    User\main.c                              0x00000000   Number         0  main.o ABSOLUTE
    User\stm32f10x_it.c                      0x00000000   Number         0  stm32f10x_it.o ABSOLUTE
    dc.s                                     0x00000000   Number         0  dc.o ABSOLUTE
    RESET                                    0x08000000   Section      304  startup_stm32f10x_hd.o(RESET)
    !!!main                                  0x08000130   Section        8  __main.o(!!!main)
    !!!scatter                               0x08000138   Section       52  __scatter.o(!!!scatter)
    !!handler_copy                           0x0800016c   Section       26  __scatter_copy.o(!!handler_copy)
    !!handler_zi                             0x08000188   Section       28  __scatter_zi.o(!!handler_zi)
    .ARM.Collect$$_printf_percent$$00000000  0x080001a4   Section        0  _printf_percent.o(.ARM.Collect$$_printf_percent$$00000000)
    .ARM.Collect$$_printf_percent$$00000009  0x080001a4   Section        6  _printf_d.o(.ARM.Collect$$_printf_percent$$00000009)
    .ARM.Collect$$_printf_percent$$00000017  0x080001aa   Section        4  _printf_percent_end.o(.ARM.Collect$$_printf_percent$$00000017)
    .ARM.Collect$$libinit$$00000000          0x080001ae   Section        2  libinit.o(.ARM.Collect$$libinit$$00000000)
    .ARM.Collect$$libinit$$00000002          0x080001b0   Section        0  libinit2.o(.ARM.Collect$$libinit$$00000002)
    .ARM.Collect$$libinit$$00000004          0x080001b0   Section        0  libinit2.o(.ARM.Collect$$libinit$$00000004)
    .ARM.Collect$$libinit$$0000000A          0x080001b0   Section        0  libinit2.o(.ARM.Collect$$libinit$$0000000A)
    .ARM.Collect$$libinit$$0000000C          0x080001b0   Section        0  libinit2.o(.ARM.Collect$$libinit$$0000000C)
    .ARM.Collect$$libinit$$0000000E          0x080001b0   Section        0  libinit2.o(.ARM.Collect$$libinit$$0000000E)
    .ARM.Collect$$libinit$$00000011          0x080001b0   Section        0  libinit2.o(.ARM.Collect$$libinit$$00000011)
    .ARM.Collect$$libinit$$00000013          0x080001b0   Section        0  libinit2.o(.ARM.Collect$$libinit$$00000013)
    .ARM.Collect$$libinit$$00000015          0x080001b0   Section        0  libinit2.o(.ARM.Collect$$libinit$$00000015)
    .ARM.Collect$$libinit$$00000017          0x080001b0   Section        0  libinit2.o(.ARM.Collect$$libinit$$00000017)
    .ARM.Collect$$libinit$$00000019          0x080001b0   Section        0  libinit2.o(.ARM.Collect$$libinit$$00000019)
    .ARM.Collect$$libinit$$0000001B          0x080001b0   Section        0  libinit2.o(.ARM.Collect$$libinit$$0000001B)
    .ARM.Collect$$libinit$$0000001D          0x080001b0   Section        0  libinit2.o(.ARM.Collect$$libinit$$0000001D)
    .ARM.Collect$$libinit$$0000001F          0x080001b0   Section        0  libinit2.o(.ARM.Collect$$libinit$$0000001F)
    .ARM.Collect$$libinit$$00000021          0x080001b0   Section        0  libinit2.o(.ARM.Collect$$libinit$$00000021)
    .ARM.Collect$$libinit$$00000023          0x080001b0   Section        0  libinit2.o(.ARM.Collect$$libinit$$00000023)
    .ARM.Collect$$libinit$$00000025          0x080001b0   Section        0  libinit2.o(.ARM.Collect$$libinit$$00000025)
    .ARM.Collect$$libinit$$0000002C          0x080001b0   Section        0  libinit2.o(.ARM.Collect$$libinit$$0000002C)
    .ARM.Collect$$libinit$$0000002E          0x080001b0   Section        0  libinit2.o(.ARM.Collect$$libinit$$0000002E)
    .ARM.Collect$$libinit$$00000030          0x080001b0   Section        0  libinit2.o(.ARM.Collect$$libinit$$00000030)
    .ARM.Collect$$libinit$$00000032          0x080001b0   Section        0  libinit2.o(.ARM.Collect$$libinit$$00000032)
    .ARM.Collect$$libinit$$00000033          0x080001b0   Section        2  libinit2.o(.ARM.Collect$$libinit$$00000033)
    .ARM.Collect$$libshutdown$$00000000      0x080001b2   Section        2  libshutdown.o(.ARM.Collect$$libshutdown$$00000000)
    .ARM.Collect$$libshutdown$$00000002      0x080001b4   Section        0  libshutdown2.o(.ARM.Collect$$libshutdown$$00000002)
    .ARM.Collect$$libshutdown$$00000004      0x080001b4   Section        0  libshutdown2.o(.ARM.Collect$$libshutdown$$00000004)
    .ARM.Collect$$libshutdown$$00000007      0x080001b4   Section        0  libshutdown2.o(.ARM.Collect$$libshutdown$$00000007)
    .ARM.Collect$$libshutdown$$0000000A      0x080001b4   Section        0  libshutdown2.o(.ARM.Collect$$libshutdown$$0000000A)
    .ARM.Collect$$libshutdown$$0000000C      0x080001b4   Section        0  libshutdown2.o(.ARM.Collect$$libshutdown$$0000000C)
    .ARM.Collect$$libshutdown$$0000000F      0x080001b4   Section        0  libshutdown2.o(.ARM.Collect$$libshutdown$$0000000F)
    .ARM.Collect$$libshutdown$$00000010      0x080001b4   Section        2  libshutdown2.o(.ARM.Collect$$libshutdown$$00000010)
    .ARM.Collect$$rtentry$$00000000          0x080001b6   Section        0  __rtentry.o(.ARM.Collect$$rtentry$$00000000)
    .ARM.Collect$$rtentry$$00000002          0x080001b6   Section        0  __rtentry2.o(.ARM.Collect$$rtentry$$00000002)
    .ARM.Collect$$rtentry$$00000004          0x080001b6   Section        6  __rtentry4.o(.ARM.Collect$$rtentry$$00000004)
    .ARM.Collect$$rtentry$$00000009          0x080001bc   Section        0  __rtentry2.o(.ARM.Collect$$rtentry$$00000009)
    .ARM.Collect$$rtentry$$0000000A          0x080001bc   Section        4  __rtentry2.o(.ARM.Collect$$rtentry$$0000000A)
    .ARM.Collect$$rtentry$$0000000C          0x080001c0   Section        0  __rtentry2.o(.ARM.Collect$$rtentry$$0000000C)
    .ARM.Collect$$rtentry$$0000000D          0x080001c0   Section        8  __rtentry2.o(.ARM.Collect$$rtentry$$0000000D)
    .ARM.Collect$$rtexit$$00000000           0x080001c8   Section        2  rtexit.o(.ARM.Collect$$rtexit$$00000000)
    .ARM.Collect$$rtexit$$00000002           0x080001ca   Section        0  rtexit2.o(.ARM.Collect$$rtexit$$00000002)
    .ARM.Collect$$rtexit$$00000003           0x080001ca   Section        4  rtexit2.o(.ARM.Collect$$rtexit$$00000003)
    .ARM.Collect$$rtexit$$00000004           0x080001ce   Section        6  rtexit2.o(.ARM.Collect$$rtexit$$00000004)
    .text                                    0x080001d4   Section       64  startup_stm32f10x_hd.o(.text)
    .text                                    0x08000214   Section        0  noretval__2sprintf.o(.text)
    .text                                    0x0800023c   Section        0  __printf.o(.text)
    .text                                    0x080002a4   Section        0  _printf_dec.o(.text)
    .text                                    0x0800031c   Section        0  heapauxi.o(.text)
    .text                                    0x08000322   Section        0  _printf_intcommon.o(.text)
    .text                                    0x080003d4   Section        0  _printf_char_common.o(.text)
    _printf_input_char                       0x080003d5   Thumb Code    10  _printf_char_common.o(.text)
    .text                                    0x08000404   Section        0  _sputc.o(.text)
    .text                                    0x0800040e   Section       74  sys_stackheap_outer.o(.text)
    .text                                    0x08000458   Section        0  exit.o(.text)
    .text                                    0x0800046c   Section        8  libspace.o(.text)
    .text                                    0x08000474   Section        0  sys_exit.o(.text)
    .text                                    0x08000480   Section        2  use_no_semi.o(.text)
    .text                                    0x08000482   Section        0  indicate_semi.o(.text)
    i.BusFault_Handler                       0x08000482   Section        0  stm32f10x_it.o(i.BusFault_Handler)
    i.DebugMon_Handler                       0x08000486   Section        0  stm32f10x_it.o(i.DebugMon_Handler)
    i.Delay                                  0x08000488   Section        0  main.o(i.Delay)
    i.EIE3810_Buzzer_Init                    0x08000494   Section        0  eie3810_buzzer.o(i.EIE3810_Buzzer_Init)
    i.EIE3810_KEY_Init                       0x080004c0   Section        0  eie3810_key.o(i.EIE3810_KEY_Init)
    i.EIE3810_Key0_EXTIInit                  0x08000584   Section        0  eie3810_key.o(i.EIE3810_Key0_EXTIInit)
    i.EIE3810_Key1_EXTIInit                  0x08000624   Section        0  eie3810_key.o(i.EIE3810_Key1_EXTIInit)
    i.EIE3810_Key2_EXTIInit                  0x080006c4   Section        0  eie3810_key.o(i.EIE3810_Key2_EXTIInit)
    i.EIE3810_KeyUp_EXTIInit                 0x08000764   Section        0  eie3810_key.o(i.EIE3810_KeyUp_EXTIInit)
    i.EIE3810_LED_Init                       0x080007fc   Section        0  eie3810_led.o(i.EIE3810_LED_Init)
    i.EIE3810_NVIC_SetPriorityGroup          0x08000858   Section        0  main.o(i.EIE3810_NVIC_SetPriorityGroup)
    i.EIE3810_SYSTICK_Init                   0x08000880   Section        0  main.o(i.EIE3810_SYSTICK_Init)
    i.EIE3810_TFTLCD_Clear                   0x08000898   Section        0  eie3810_tftlcd.o(i.EIE3810_TFTLCD_Clear)
    i.EIE3810_TFTLCD_DrawALL                 0x08000914   Section        0  eie3810_tftlcd.o(i.EIE3810_TFTLCD_DrawALL)
    i.EIE3810_TFTLCD_DrawCircle              0x08000970   Section        0  eie3810_tftlcd.o(i.EIE3810_TFTLCD_DrawCircle)
    i.EIE3810_TFTLCD_DrawDot                 0x08000ace   Section        0  eie3810_tftlcd.o(i.EIE3810_TFTLCD_DrawDot)
    i.EIE3810_TFTLCD_FillRectangle           0x08000b1c   Section        0  eie3810_tftlcd.o(i.EIE3810_TFTLCD_FillRectangle)
    i.EIE3810_TFTLCD_Init                    0x08000bc8   Section        0  eie3810_tftlcd.o(i.EIE3810_TFTLCD_Init)
    i.EIE3810_TFTLCD_SetParameter            0x08000d4c   Section        0  eie3810_tftlcd.o(i.EIE3810_TFTLCD_SetParameter)
    i.EIE3810_TFTLCD_SevenSegment            0x08001c1c   Section        0  eie3810_tftlcd.o(i.EIE3810_TFTLCD_SevenSegment)
    i.EIE3810_TFTLCD_ShowChar                0x080021a4   Section        0  eie3810_tftlcd.o(i.EIE3810_TFTLCD_ShowChar)
    i.EIE3810_TFTLCD_ShowChar2412            0x08002254   Section        0  eie3810_tftlcd.o(i.EIE3810_TFTLCD_ShowChar2412)
    i.EIE3810_TFTLCD_WrCmd                   0x08002374   Section        0  eie3810_tftlcd.o(i.EIE3810_TFTLCD_WrCmd)
    i.EIE3810_TFTLCD_WrCmdData               0x0800237c   Section        0  eie3810_tftlcd.o(i.EIE3810_TFTLCD_WrCmdData)
    i.EIE3810_TFTLCD_WrData                  0x0800238c   Section        0  eie3810_tftlcd.o(i.EIE3810_TFTLCD_WrData)
    i.EIE3810_TIM3_Init                      0x08002398   Section        0  main.o(i.EIE3810_TIM3_Init)
    i.EIE3810_TIM4_Init                      0x080023ec   Section        0  main.o(i.EIE3810_TIM4_Init)
    i.EIE3810_USART1_EXTIInit                0x08002440   Section        0  eie3810_usart.o(i.EIE3810_USART1_EXTIInit)
    i.EIE3810_USART1_Init                    0x08002460   Section        0  eie3810_usart.o(i.EIE3810_USART1_Init)
    i.EIE3810_clock_tree_init1               0x08002528   Section        0  eie3810_clock.o(i.EIE3810_clock_tree_init1)
    i.EIE3810_read_KEY0                      0x080025d4   Section        0  eie3810_key.o(i.EIE3810_read_KEY0)
    i.EIE3810_read_KEY1                      0x080025e4   Section        0  eie3810_key.o(i.EIE3810_read_KEY1)
    i.EIE3810_read_KEY2                      0x080025f4   Section        0  eie3810_key.o(i.EIE3810_read_KEY2)
    i.EIE3810_read_KEY_UP                    0x08002604   Section        0  eie3810_key.o(i.EIE3810_read_KEY_UP)
    i.EIE3810_turn_off_LED0                  0x08002618   Section        0  eie3810_led.o(i.EIE3810_turn_off_LED0)
    i.EIE3810_turn_off_LED1                  0x08002624   Section        0  eie3810_led.o(i.EIE3810_turn_off_LED1)
    i.EIE3810_turn_on_LED0                   0x08002630   Section        0  eie3810_led.o(i.EIE3810_turn_on_LED0)
    i.EIE3810_turn_on_LED1                   0x0800263c   Section        0  eie3810_led.o(i.EIE3810_turn_on_LED1)
    i.EXTI0_IRQHandler                       0x08002648   Section        0  eie3810_key.o(i.EXTI0_IRQHandler)
    i.EXTI2_IRQHandler                       0x08002784   Section        0  eie3810_key.o(i.EXTI2_IRQHandler)
    i.EXTI3_IRQHandler                       0x080027ec   Section        0  eie3810_key.o(i.EXTI3_IRQHandler)
    i.EXTI4_IRQHandler                       0x08002944   Section        0  eie3810_key.o(i.EXTI4_IRQHandler)
    i.HardFault_Handler                      0x08002b8c   Section        0  stm32f10x_it.o(i.HardFault_Handler)
    i.JOYPAD_Init                            0x08002b90   Section        0  main.o(i.JOYPAD_Init)
    i.JOYPAD_Read                            0x08002c00   Section        0  main.o(i.JOYPAD_Read)
    i.MemManage_Handler                      0x08002c80   Section        0  stm32f10x_it.o(i.MemManage_Handler)
    i.NMI_Handler                            0x08002c84   Section        0  stm32f10x_it.o(i.NMI_Handler)
    i.PendSV_Handler                         0x08002c86   Section        0  stm32f10x_it.o(i.PendSV_Handler)
    i.SVC_Handler                            0x08002c88   Section        0  stm32f10x_it.o(i.SVC_Handler)
    i.SetSysClock                            0x08002c8a   Section        0  system_stm32f10x.o(i.SetSysClock)
    SetSysClock                              0x08002c8b   Thumb Code     8  system_stm32f10x.o(i.SetSysClock)
    i.SetSysClockTo72                        0x08002c94   Section        0  system_stm32f10x.o(i.SetSysClockTo72)
    SetSysClockTo72                          0x08002c95   Thumb Code   214  system_stm32f10x.o(i.SetSysClockTo72)
    i.SysTick_Handler                        0x08002d74   Section        0  stm32f10x_it.o(i.SysTick_Handler)
    i.SystemInit                             0x08002d84   Section        0  system_stm32f10x.o(i.SystemInit)
    i.TIM3_IRQHandler                        0x08002de4   Section        0  main.o(i.TIM3_IRQHandler)
    i.TIM4_IRQHandler                        0x0800308c   Section        0  main.o(i.TIM4_IRQHandler)
    i.USART1_IRQHandler                      0x08003238   Section        0  eie3810_usart.o(i.USART1_IRQHandler)
    i.UsageFault_Handler                     0x080034a8   Section        0  stm32f10x_it.o(i.UsageFault_Handler)
    i.main                                   0x080034ac   Section        0  main.o(i.main)
    i.printString                            0x08003fd0   Section        0  eie3810_tftlcd.o(i.printString)
    i.printString2412                        0x08004008   Section        0  eie3810_tftlcd.o(i.printString2412)
    x$fpl$fadd                               0x08004040   Section      196  faddsub_clz.o(x$fpl$fadd)
    _fadd1                                   0x0800404f   Thumb Code     0  faddsub_clz.o(x$fpl$fadd)
    x$fpl$fdiv                               0x08004104   Section      388  fdiv.o(x$fpl$fdiv)
    _fdiv1                                   0x08004105   Thumb Code     0  fdiv.o(x$fpl$fdiv)
    x$fpl$ffixu                              0x08004288   Section       62  ffixu.o(x$fpl$ffixu)
    x$fpl$ffltu                              0x080042c8   Section       38  fflt_clz.o(x$fpl$ffltu)
    x$fpl$fmul                               0x080042f0   Section      258  fmul.o(x$fpl$fmul)
    x$fpl$fnaninf                            0x080043f2   Section      140  fnaninf.o(x$fpl$fnaninf)
    x$fpl$fretinf                            0x0800447e   Section       10  fretinf.o(x$fpl$fretinf)
    x$fpl$frsb                               0x08004488   Section       20  faddsub_clz.o(x$fpl$frsb)
    x$fpl$fsub                               0x0800449c   Section      234  faddsub_clz.o(x$fpl$fsub)
    _fsub1                                   0x080044ab   Thumb Code     0  faddsub_clz.o(x$fpl$fsub)
    .constdata                               0x08004586   Section     6080  eie3810_tftlcd.o(.constdata)
    x$fpl$usenofp                            0x08004586   Section        0  usenofp.o(x$fpl$usenofp)
    .data                                    0x20000000   Section        2  eie3810_key.o(.data)
    .data                                    0x20000004   Section       38  main.o(.data)
    .bss                                     0x2000002c   Section       40  main.o(.bss)
    .bss                                     0x20000054   Section       96  libspace.o(.bss)
    HEAP                                     0x200000b8   Section      512  startup_stm32f10x_hd.o(HEAP)
    Heap_Mem                                 0x200000b8   Data         512  startup_stm32f10x_hd.o(HEAP)
    STACK                                    0x200002b8   Section     1024  startup_stm32f10x_hd.o(STACK)
    Stack_Mem                                0x200002b8   Data        1024  startup_stm32f10x_hd.o(STACK)
    __initial_sp                             0x200006b8   Data           0  startup_stm32f10x_hd.o(STACK)

    Global Symbols

    Symbol Name                              Value     Ov Type        Size  Object(Section)

    BuildAttributes$$THM_ISAv4$P$D$K$B$S$PE$A:L22UL41UL21$X:L11$S22US41US21$IEEE1$IW$USESV6$~STKCKD$USESV7$~SHL$OSPACE$ROPI$EBA8$UX$STANDARDLIB$REQ8$PRES8$EABIv2 0x00000000   Number         0  anon$$obj.o ABSOLUTE
    __ARM_use_no_argv                        0x00000000   Number         0  main.o ABSOLUTE
    __ARM_exceptions_init                     - Undefined Weak Reference
    __alloca_initialize                       - Undefined Weak Reference
    __arm_preinit_                            - Undefined Weak Reference
    __cpp_initialize__aeabi_                  - Undefined Weak Reference
    __cxa_finalize                            - Undefined Weak Reference
    __rt_locale                               - Undefined Weak Reference
    __sigvec_lookup                           - Undefined Weak Reference
    _atexit_init                              - Undefined Weak Reference
    _call_atexit_fns                          - Undefined Weak Reference
    _clock_init                               - Undefined Weak Reference
    _fp_trap_init                             - Undefined Weak Reference
    _fp_trap_shutdown                         - Undefined Weak Reference
    _get_lc_collate                           - Undefined Weak Reference
    _get_lc_ctype                             - Undefined Weak Reference
    _get_lc_monetary                          - Undefined Weak Reference
    _get_lc_numeric                           - Undefined Weak Reference
    _get_lc_time                              - Undefined Weak Reference
    _getenv_init                              - Undefined Weak Reference
    _handle_redirection                       - Undefined Weak Reference
    _init_alloc                               - Undefined Weak Reference
    _init_user_alloc                          - Undefined Weak Reference
    _initio                                   - Undefined Weak Reference
    _printf_post_padding                      - Undefined Weak Reference
    _printf_pre_padding                       - Undefined Weak Reference
    _printf_truncate_signed                   - Undefined Weak Reference
    _printf_truncate_unsigned                 - Undefined Weak Reference
    _rand_init                                - Undefined Weak Reference
    _signal_finish                            - Undefined Weak Reference
    _signal_init                              - Undefined Weak Reference
    _terminate_alloc                          - Undefined Weak Reference
    _terminate_user_alloc                     - Undefined Weak Reference
    _terminateio                              - Undefined Weak Reference
    __Vectors_Size                           0x00000130   Number         0  startup_stm32f10x_hd.o ABSOLUTE
    __Vectors                                0x08000000   Data           4  startup_stm32f10x_hd.o(RESET)
    __Vectors_End                            0x08000130   Data           0  startup_stm32f10x_hd.o(RESET)
    __main                                   0x08000131   Thumb Code     8  __main.o(!!!main)
    __scatterload                            0x08000139   Thumb Code     0  __scatter.o(!!!scatter)
    __scatterload_rt2                        0x08000139   Thumb Code    44  __scatter.o(!!!scatter)
    __scatterload_rt2_thumb_only             0x08000139   Thumb Code     0  __scatter.o(!!!scatter)
    __scatterload_null                       0x08000147   Thumb Code     0  __scatter.o(!!!scatter)
    __scatterload_copy                       0x0800016d   Thumb Code    26  __scatter_copy.o(!!handler_copy)
    __scatterload_zeroinit                   0x08000189   Thumb Code    28  __scatter_zi.o(!!handler_zi)
    _printf_d                                0x080001a5   Thumb Code     0  _printf_d.o(.ARM.Collect$$_printf_percent$$00000009)
    _printf_percent                          0x080001a5   Thumb Code     0  _printf_percent.o(.ARM.Collect$$_printf_percent$$00000000)
    _printf_percent_end                      0x080001ab   Thumb Code     0  _printf_percent_end.o(.ARM.Collect$$_printf_percent$$00000017)
    __rt_lib_init                            0x080001af   Thumb Code     0  libinit.o(.ARM.Collect$$libinit$$00000000)
    __rt_lib_init_alloca_1                   0x080001b1   Thumb Code     0  libinit2.o(.ARM.Collect$$libinit$$0000002E)
    __rt_lib_init_argv_1                     0x080001b1   Thumb Code     0  libinit2.o(.ARM.Collect$$libinit$$0000002C)
    __rt_lib_init_atexit_1                   0x080001b1   Thumb Code     0  libinit2.o(.ARM.Collect$$libinit$$0000001B)
    __rt_lib_init_clock_1                    0x080001b1   Thumb Code     0  libinit2.o(.ARM.Collect$$libinit$$00000021)
    __rt_lib_init_cpp_1                      0x080001b1   Thumb Code     0  libinit2.o(.ARM.Collect$$libinit$$00000032)
    __rt_lib_init_exceptions_1               0x080001b1   Thumb Code     0  libinit2.o(.ARM.Collect$$libinit$$00000030)
    __rt_lib_init_fp_1                       0x080001b1   Thumb Code     0  libinit2.o(.ARM.Collect$$libinit$$00000002)
    __rt_lib_init_fp_trap_1                  0x080001b1   Thumb Code     0  libinit2.o(.ARM.Collect$$libinit$$0000001F)
    __rt_lib_init_getenv_1                   0x080001b1   Thumb Code     0  libinit2.o(.ARM.Collect$$libinit$$00000023)
    __rt_lib_init_heap_1                     0x080001b1   Thumb Code     0  libinit2.o(.ARM.Collect$$libinit$$0000000A)
    __rt_lib_init_lc_collate_1               0x080001b1   Thumb Code     0  libinit2.o(.ARM.Collect$$libinit$$00000011)
    __rt_lib_init_lc_ctype_1                 0x080001b1   Thumb Code     0  libinit2.o(.ARM.Collect$$libinit$$00000013)
    __rt_lib_init_lc_monetary_1              0x080001b1   Thumb Code     0  libinit2.o(.ARM.Collect$$libinit$$00000015)
    __rt_lib_init_lc_numeric_1               0x080001b1   Thumb Code     0  libinit2.o(.ARM.Collect$$libinit$$00000017)
    __rt_lib_init_lc_time_1                  0x080001b1   Thumb Code     0  libinit2.o(.ARM.Collect$$libinit$$00000019)
    __rt_lib_init_preinit_1                  0x080001b1   Thumb Code     0  libinit2.o(.ARM.Collect$$libinit$$00000004)
    __rt_lib_init_rand_1                     0x080001b1   Thumb Code     0  libinit2.o(.ARM.Collect$$libinit$$0000000E)
    __rt_lib_init_return                     0x080001b1   Thumb Code     0  libinit2.o(.ARM.Collect$$libinit$$00000033)
    __rt_lib_init_signal_1                   0x080001b1   Thumb Code     0  libinit2.o(.ARM.Collect$$libinit$$0000001D)
    __rt_lib_init_stdio_1                    0x080001b1   Thumb Code     0  libinit2.o(.ARM.Collect$$libinit$$00000025)
    __rt_lib_init_user_alloc_1               0x080001b1   Thumb Code     0  libinit2.o(.ARM.Collect$$libinit$$0000000C)
    __rt_lib_shutdown                        0x080001b3   Thumb Code     0  libshutdown.o(.ARM.Collect$$libshutdown$$00000000)
    __rt_lib_shutdown_cpp_1                  0x080001b5   Thumb Code     0  libshutdown2.o(.ARM.Collect$$libshutdown$$00000002)
    __rt_lib_shutdown_fp_trap_1              0x080001b5   Thumb Code     0  libshutdown2.o(.ARM.Collect$$libshutdown$$00000007)
    __rt_lib_shutdown_heap_1                 0x080001b5   Thumb Code     0  libshutdown2.o(.ARM.Collect$$libshutdown$$0000000F)
    __rt_lib_shutdown_return                 0x080001b5   Thumb Code     0  libshutdown2.o(.ARM.Collect$$libshutdown$$00000010)
    __rt_lib_shutdown_signal_1               0x080001b5   Thumb Code     0  libshutdown2.o(.ARM.Collect$$libshutdown$$0000000A)
    __rt_lib_shutdown_stdio_1                0x080001b5   Thumb Code     0  libshutdown2.o(.ARM.Collect$$libshutdown$$00000004)
    __rt_lib_shutdown_user_alloc_1           0x080001b5   Thumb Code     0  libshutdown2.o(.ARM.Collect$$libshutdown$$0000000C)
    __rt_entry                               0x080001b7   Thumb Code     0  __rtentry.o(.ARM.Collect$$rtentry$$00000000)
    __rt_entry_presh_1                       0x080001b7   Thumb Code     0  __rtentry2.o(.ARM.Collect$$rtentry$$00000002)
    __rt_entry_sh                            0x080001b7   Thumb Code     0  __rtentry4.o(.ARM.Collect$$rtentry$$00000004)
    __rt_entry_li                            0x080001bd   Thumb Code     0  __rtentry2.o(.ARM.Collect$$rtentry$$0000000A)
    __rt_entry_postsh_1                      0x080001bd   Thumb Code     0  __rtentry2.o(.ARM.Collect$$rtentry$$00000009)
    __rt_entry_main                          0x080001c1   Thumb Code     0  __rtentry2.o(.ARM.Collect$$rtentry$$0000000D)
    __rt_entry_postli_1                      0x080001c1   Thumb Code     0  __rtentry2.o(.ARM.Collect$$rtentry$$0000000C)
    __rt_exit                                0x080001c9   Thumb Code     0  rtexit.o(.ARM.Collect$$rtexit$$00000000)
    __rt_exit_ls                             0x080001cb   Thumb Code     0  rtexit2.o(.ARM.Collect$$rtexit$$00000003)
    __rt_exit_prels_1                        0x080001cb   Thumb Code     0  rtexit2.o(.ARM.Collect$$rtexit$$00000002)
    __rt_exit_exit                           0x080001cf   Thumb Code     0  rtexit2.o(.ARM.Collect$$rtexit$$00000004)
    Reset_Handler                            0x080001d5   Thumb Code     8  startup_stm32f10x_hd.o(.text)
    ADC1_2_IRQHandler                        0x080001ef   Thumb Code     0  startup_stm32f10x_hd.o(.text)
    ADC3_IRQHandler                          0x080001ef   Thumb Code     0  startup_stm32f10x_hd.o(.text)
    CAN1_RX1_IRQHandler                      0x080001ef   Thumb Code     0  startup_stm32f10x_hd.o(.text)
    CAN1_SCE_IRQHandler                      0x080001ef   Thumb Code     0  startup_stm32f10x_hd.o(.text)
    DMA1_Channel1_IRQHandler                 0x080001ef   Thumb Code     0  startup_stm32f10x_hd.o(.text)
    DMA1_Channel2_IRQHandler                 0x080001ef   Thumb Code     0  startup_stm32f10x_hd.o(.text)
    DMA1_Channel3_IRQHandler                 0x080001ef   Thumb Code     0  startup_stm32f10x_hd.o(.text)
    DMA1_Channel4_IRQHandler                 0x080001ef   Thumb Code     0  startup_stm32f10x_hd.o(.text)
    DMA1_Channel5_IRQHandler                 0x080001ef   Thumb Code     0  startup_stm32f10x_hd.o(.text)
    DMA1_Channel6_IRQHandler                 0x080001ef   Thumb Code     0  startup_stm32f10x_hd.o(.text)
    DMA1_Channel7_IRQHandler                 0x080001ef   Thumb Code     0  startup_stm32f10x_hd.o(.text)
    DMA2_Channel1_IRQHandler                 0x080001ef   Thumb Code     0  startup_stm32f10x_hd.o(.text)
    DMA2_Channel2_IRQHandler                 0x080001ef   Thumb Code     0  startup_stm32f10x_hd.o(.text)
    DMA2_Channel3_IRQHandler                 0x080001ef   Thumb Code     0  startup_stm32f10x_hd.o(.text)
    DMA2_Channel4_5_IRQHandler               0x080001ef   Thumb Code     0  startup_stm32f10x_hd.o(.text)
    EXTI15_10_IRQHandler                     0x080001ef   Thumb Code     0  startup_stm32f10x_hd.o(.text)
    EXTI1_IRQHandler                         0x080001ef   Thumb Code     0  startup_stm32f10x_hd.o(.text)
    EXTI9_5_IRQHandler                       0x080001ef   Thumb Code     0  startup_stm32f10x_hd.o(.text)
    FLASH_IRQHandler                         0x080001ef   Thumb Code     0  startup_stm32f10x_hd.o(.text)
    FSMC_IRQHandler                          0x080001ef   Thumb Code     0  startup_stm32f10x_hd.o(.text)
    I2C1_ER_IRQHandler                       0x080001ef   Thumb Code     0  startup_stm32f10x_hd.o(.text)
    I2C1_EV_IRQHandler                       0x080001ef   Thumb Code     0  startup_stm32f10x_hd.o(.text)
    I2C2_ER_IRQHandler                       0x080001ef   Thumb Code     0  startup_stm32f10x_hd.o(.text)
    I2C2_EV_IRQHandler                       0x080001ef   Thumb Code     0  startup_stm32f10x_hd.o(.text)
    PVD_IRQHandler                           0x080001ef   Thumb Code     0  startup_stm32f10x_hd.o(.text)
    RCC_IRQHandler                           0x080001ef   Thumb Code     0  startup_stm32f10x_hd.o(.text)
    RTCAlarm_IRQHandler                      0x080001ef   Thumb Code     0  startup_stm32f10x_hd.o(.text)
    RTC_IRQHandler                           0x080001ef   Thumb Code     0  startup_stm32f10x_hd.o(.text)
    SDIO_IRQHandler                          0x080001ef   Thumb Code     0  startup_stm32f10x_hd.o(.text)
    SPI1_IRQHandler                          0x080001ef   Thumb Code     0  startup_stm32f10x_hd.o(.text)
    SPI2_IRQHandler                          0x080001ef   Thumb Code     0  startup_stm32f10x_hd.o(.text)
    SPI3_IRQHandler                          0x080001ef   Thumb Code     0  startup_stm32f10x_hd.o(.text)
    TAMPER_IRQHandler                        0x080001ef   Thumb Code     0  startup_stm32f10x_hd.o(.text)
    TIM1_BRK_IRQHandler                      0x080001ef   Thumb Code     0  startup_stm32f10x_hd.o(.text)
    TIM1_CC_IRQHandler                       0x080001ef   Thumb Code     0  startup_stm32f10x_hd.o(.text)
    TIM1_TRG_COM_IRQHandler                  0x080001ef   Thumb Code     0  startup_stm32f10x_hd.o(.text)
    TIM1_UP_IRQHandler                       0x080001ef   Thumb Code     0  startup_stm32f10x_hd.o(.text)
    TIM2_IRQHandler                          0x080001ef   Thumb Code     0  startup_stm32f10x_hd.o(.text)
    TIM5_IRQHandler                          0x080001ef   Thumb Code     0  startup_stm32f10x_hd.o(.text)
    TIM6_IRQHandler                          0x080001ef   Thumb Code     0  startup_stm32f10x_hd.o(.text)
    TIM7_IRQHandler                          0x080001ef   Thumb Code     0  startup_stm32f10x_hd.o(.text)
    TIM8_BRK_IRQHandler                      0x080001ef   Thumb Code     0  startup_stm32f10x_hd.o(.text)
    TIM8_CC_IRQHandler                       0x080001ef   Thumb Code     0  startup_stm32f10x_hd.o(.text)
    TIM8_TRG_COM_IRQHandler                  0x080001ef   Thumb Code     0  startup_stm32f10x_hd.o(.text)
    TIM8_UP_IRQHandler                       0x080001ef   Thumb Code     0  startup_stm32f10x_hd.o(.text)
    UART4_IRQHandler                         0x080001ef   Thumb Code     0  startup_stm32f10x_hd.o(.text)
    UART5_IRQHandler                         0x080001ef   Thumb Code     0  startup_stm32f10x_hd.o(.text)
    USART2_IRQHandler                        0x080001ef   Thumb Code     0  startup_stm32f10x_hd.o(.text)
    USART3_IRQHandler                        0x080001ef   Thumb Code     0  startup_stm32f10x_hd.o(.text)
    USBWakeUp_IRQHandler                     0x080001ef   Thumb Code     0  startup_stm32f10x_hd.o(.text)
    USB_HP_CAN1_TX_IRQHandler                0x080001ef   Thumb Code     0  startup_stm32f10x_hd.o(.text)
    USB_LP_CAN1_RX0_IRQHandler               0x080001ef   Thumb Code     0  startup_stm32f10x_hd.o(.text)
    WWDG_IRQHandler                          0x080001ef   Thumb Code     0  startup_stm32f10x_hd.o(.text)
    __user_initial_stackheap                 0x080001f1   Thumb Code     0  startup_stm32f10x_hd.o(.text)
    __2sprintf                               0x08000215   Thumb Code    34  noretval__2sprintf.o(.text)
    __printf                                 0x0800023d   Thumb Code   104  __printf.o(.text)
    _printf_int_dec                          0x080002a5   Thumb Code   104  _printf_dec.o(.text)
    __use_two_region_memory                  0x0800031d   Thumb Code     2  heapauxi.o(.text)
    __rt_heap_escrow$2region                 0x0800031f   Thumb Code     2  heapauxi.o(.text)
    __rt_heap_expand$2region                 0x08000321   Thumb Code     2  heapauxi.o(.text)
    _printf_int_common                       0x08000323   Thumb Code   178  _printf_intcommon.o(.text)
    _printf_char_common                      0x080003df   Thumb Code    32  _printf_char_common.o(.text)
    _sputc                                   0x08000405   Thumb Code    10  _sputc.o(.text)
    __user_setup_stackheap                   0x0800040f   Thumb Code    74  sys_stackheap_outer.o(.text)
    exit                                     0x08000459   Thumb Code    18  exit.o(.text)
    __user_libspace                          0x0800046d   Thumb Code     8  libspace.o(.text)
    __user_perproc_libspace                  0x0800046d   Thumb Code     0  libspace.o(.text)
    __user_perthread_libspace                0x0800046d   Thumb Code     0  libspace.o(.text)
    _sys_exit                                0x08000475   Thumb Code     8  sys_exit.o(.text)
    __I$use$semihosting                      0x08000481   Thumb Code     0  use_no_semi.o(.text)
    __use_no_semihosting_swi                 0x08000481   Thumb Code     2  use_no_semi.o(.text)
    BusFault_Handler                         0x08000483   Thumb Code     4  stm32f10x_it.o(i.BusFault_Handler)
    __semihosting_library_function           0x08000483   Thumb Code     0  indicate_semi.o(.text)
    DebugMon_Handler                         0x08000487   Thumb Code     2  stm32f10x_it.o(i.DebugMon_Handler)
    Delay                                    0x08000489   Thumb Code    12  main.o(i.Delay)
    EIE3810_Buzzer_Init                      0x08000495   Thumb Code    36  eie3810_buzzer.o(i.EIE3810_Buzzer_Init)
    EIE3810_KEY_Init                         0x080004c1   Thumb Code   182  eie3810_key.o(i.EIE3810_KEY_Init)
    EIE3810_Key0_EXTIInit                    0x08000585   Thumb Code   136  eie3810_key.o(i.EIE3810_Key0_EXTIInit)
    EIE3810_Key1_EXTIInit                    0x08000625   Thumb Code   136  eie3810_key.o(i.EIE3810_Key1_EXTIInit)
    EIE3810_Key2_EXTIInit                    0x080006c5   Thumb Code   136  eie3810_key.o(i.EIE3810_Key2_EXTIInit)
    EIE3810_KeyUp_EXTIInit                   0x08000765   Thumb Code   126  eie3810_key.o(i.EIE3810_KeyUp_EXTIInit)
    EIE3810_LED_Init                         0x080007fd   Thumb Code    80  eie3810_led.o(i.EIE3810_LED_Init)
    EIE3810_NVIC_SetPriorityGroup            0x08000859   Thumb Code    30  main.o(i.EIE3810_NVIC_SetPriorityGroup)
    EIE3810_SYSTICK_Init                     0x08000881   Thumb Code    18  main.o(i.EIE3810_SYSTICK_Init)
    EIE3810_TFTLCD_Clear                     0x08000899   Thumb Code   122  eie3810_tftlcd.o(i.EIE3810_TFTLCD_Clear)
    EIE3810_TFTLCD_DrawALL                   0x08000915   Thumb Code    88  eie3810_tftlcd.o(i.EIE3810_TFTLCD_DrawALL)
    EIE3810_TFTLCD_DrawCircle                0x08000971   Thumb Code   350  eie3810_tftlcd.o(i.EIE3810_TFTLCD_DrawCircle)
    EIE3810_TFTLCD_DrawDot                   0x08000acf   Thumb Code    78  eie3810_tftlcd.o(i.EIE3810_TFTLCD_DrawDot)
    EIE3810_TFTLCD_FillRectangle             0x08000b1d   Thumb Code   172  eie3810_tftlcd.o(i.EIE3810_TFTLCD_FillRectangle)
    EIE3810_TFTLCD_Init                      0x08000bc9   Thumb Code   350  eie3810_tftlcd.o(i.EIE3810_TFTLCD_Init)
    EIE3810_TFTLCD_SetParameter              0x08000d4d   Thumb Code  3786  eie3810_tftlcd.o(i.EIE3810_TFTLCD_SetParameter)
    EIE3810_TFTLCD_SevenSegment              0x08001c1d   Thumb Code  1414  eie3810_tftlcd.o(i.EIE3810_TFTLCD_SevenSegment)
    EIE3810_TFTLCD_ShowChar                  0x080021a5   Thumb Code   172  eie3810_tftlcd.o(i.EIE3810_TFTLCD_ShowChar)
    EIE3810_TFTLCD_ShowChar2412              0x08002255   Thumb Code   284  eie3810_tftlcd.o(i.EIE3810_TFTLCD_ShowChar2412)
    EIE3810_TFTLCD_WrCmd                     0x08002375   Thumb Code     8  eie3810_tftlcd.o(i.EIE3810_TFTLCD_WrCmd)
    EIE3810_TFTLCD_WrCmdData                 0x0800237d   Thumb Code    12  eie3810_tftlcd.o(i.EIE3810_TFTLCD_WrCmdData)
    EIE3810_TFTLCD_WrData                    0x0800238d   Thumb Code     6  eie3810_tftlcd.o(i.EIE3810_TFTLCD_WrData)
    EIE3810_TIM3_Init                        0x08002399   Thumb Code    68  main.o(i.EIE3810_TIM3_Init)
    EIE3810_TIM4_Init                        0x080023ed   Thumb Code    66  main.o(i.EIE3810_TIM4_Init)
    EIE3810_USART1_EXTIInit                  0x08002441   Thumb Code    24  eie3810_usart.o(i.EIE3810_USART1_EXTIInit)
    EIE3810_USART1_Init                      0x08002461   Thumb Code   184  eie3810_usart.o(i.EIE3810_USART1_Init)
    EIE3810_clock_tree_init1                 0x08002529   Thumb Code   164  eie3810_clock.o(i.EIE3810_clock_tree_init1)
    EIE3810_read_KEY0                        0x080025d5   Thumb Code    10  eie3810_key.o(i.EIE3810_read_KEY0)
    EIE3810_read_KEY1                        0x080025e5   Thumb Code    10  eie3810_key.o(i.EIE3810_read_KEY1)
    EIE3810_read_KEY2                        0x080025f5   Thumb Code    10  eie3810_key.o(i.EIE3810_read_KEY2)
    EIE3810_read_KEY_UP                      0x08002605   Thumb Code    14  eie3810_key.o(i.EIE3810_read_KEY_UP)
    EIE3810_turn_off_LED0                    0x08002619   Thumb Code     8  eie3810_led.o(i.EIE3810_turn_off_LED0)
    EIE3810_turn_off_LED1                    0x08002625   Thumb Code     8  eie3810_led.o(i.EIE3810_turn_off_LED1)
    EIE3810_turn_on_LED0                     0x08002631   Thumb Code     8  eie3810_led.o(i.EIE3810_turn_on_LED0)
    EIE3810_turn_on_LED1                     0x0800263d   Thumb Code     8  eie3810_led.o(i.EIE3810_turn_on_LED1)
    EXTI0_IRQHandler                         0x08002649   Thumb Code   212  eie3810_key.o(i.EXTI0_IRQHandler)
    EXTI2_IRQHandler                         0x08002785   Thumb Code    92  eie3810_key.o(i.EXTI2_IRQHandler)
    EXTI3_IRQHandler                         0x080027ed   Thumb Code   232  eie3810_key.o(i.EXTI3_IRQHandler)
    EXTI4_IRQHandler                         0x08002945   Thumb Code   448  eie3810_key.o(i.EXTI4_IRQHandler)
    HardFault_Handler                        0x08002b8d   Thumb Code     4  stm32f10x_it.o(i.HardFault_Handler)
    JOYPAD_Init                              0x08002b91   Thumb Code   100  main.o(i.JOYPAD_Init)
    JOYPAD_Read                              0x08002c01   Thumb Code   120  main.o(i.JOYPAD_Read)
    MemManage_Handler                        0x08002c81   Thumb Code     4  stm32f10x_it.o(i.MemManage_Handler)
    NMI_Handler                              0x08002c85   Thumb Code     2  stm32f10x_it.o(i.NMI_Handler)
    PendSV_Handler                           0x08002c87   Thumb Code     2  stm32f10x_it.o(i.PendSV_Handler)
    SVC_Handler                              0x08002c89   Thumb Code     2  stm32f10x_it.o(i.SVC_Handler)
    SysTick_Handler                          0x08002d75   Thumb Code    12  stm32f10x_it.o(i.SysTick_Handler)
    SystemInit                               0x08002d85   Thumb Code    78  system_stm32f10x.o(i.SystemInit)
    TIM3_IRQHandler                          0x08002de5   Thumb Code   596  main.o(i.TIM3_IRQHandler)
    TIM4_IRQHandler                          0x0800308d   Thumb Code   308  main.o(i.TIM4_IRQHandler)
    USART1_IRQHandler                        0x08003239   Thumb Code   320  eie3810_usart.o(i.USART1_IRQHandler)
    UsageFault_Handler                       0x080034a9   Thumb Code     4  stm32f10x_it.o(i.UsageFault_Handler)
    main                                     0x080034ad   Thumb Code  2818  main.o(i.main)
    printString                              0x08003fd1   Thumb Code    56  eie3810_tftlcd.o(i.printString)
    printString2412                          0x08004009   Thumb Code    56  eie3810_tftlcd.o(i.printString2412)
    __aeabi_fadd                             0x08004041   Thumb Code     0  faddsub_clz.o(x$fpl$fadd)
    _fadd                                    0x08004041   Thumb Code   196  faddsub_clz.o(x$fpl$fadd)
    __aeabi_fdiv                             0x08004105   Thumb Code     0  fdiv.o(x$fpl$fdiv)
    _fdiv                                    0x08004105   Thumb Code   384  fdiv.o(x$fpl$fdiv)
    __aeabi_f2uiz                            0x08004289   Thumb Code     0  ffixu.o(x$fpl$ffixu)
    _ffixu                                   0x08004289   Thumb Code    62  ffixu.o(x$fpl$ffixu)
    __aeabi_ui2f                             0x080042c9   Thumb Code     0  fflt_clz.o(x$fpl$ffltu)
    _ffltu                                   0x080042c9   Thumb Code    38  fflt_clz.o(x$fpl$ffltu)
    __aeabi_fmul                             0x080042f1   Thumb Code     0  fmul.o(x$fpl$fmul)
    _fmul                                    0x080042f1   Thumb Code   258  fmul.o(x$fpl$fmul)
    __fpl_fnaninf                            0x080043f3   Thumb Code   140  fnaninf.o(x$fpl$fnaninf)
    __fpl_fretinf                            0x0800447f   Thumb Code    10  fretinf.o(x$fpl$fretinf)
    __aeabi_frsub                            0x08004489   Thumb Code     0  faddsub_clz.o(x$fpl$frsb)
    _frsb                                    0x08004489   Thumb Code    20  faddsub_clz.o(x$fpl$frsb)
    __aeabi_fsub                             0x0800449d   Thumb Code     0  faddsub_clz.o(x$fpl$fsub)
    _fsub                                    0x0800449d   Thumb Code   234  faddsub_clz.o(x$fpl$fsub)
    __I$use$fp                               0x08004586   Number         0  usenofp.o(x$fpl$usenofp)
    asc2_1206                                0x08004586   Data        1140  eie3810_tftlcd.o(.constdata)
    asc2_1608                                0x080049fa   Data        1520  eie3810_tftlcd.o(.constdata)
    asc2_2412                                0x08004fea   Data        3420  eie3810_tftlcd.o(.constdata)
    Region$$Table$$Base                      0x08005d48   Number         0  anon$$obj.o(Region$$Table)
    Region$$Table$$Limit                     0x08005d68   Number         0  anon$$obj.o(Region$$Table)
    count                                    0x20000000   Data           1  eie3810_key.o(.data)
    acce                                     0x20000001   Data           1  eie3810_key.o(.data)
    task1HeartBeat                           0x20000004   Data           1  main.o(.data)
    x                                        0x20000006   Data           2  main.o(.data)
    y                                        0x20000008   Data           2  main.o(.data)
    xdir                                     0x2000000c   Data           4  main.o(.data)
    ydir                                     0x20000010   Data           4  main.o(.data)
    x1                                       0x20000014   Data           2  main.o(.data)
    x2                                       0x20000016   Data           2  main.o(.data)
    hard                                     0x20000018   Data           1  main.o(.data)
    CPU                                      0x20000019   Data           1  main.o(.data)
    buffer                                   0x2000001c   Data           4  main.o(.data)
    Upper                                    0x20000020   Data           2  main.o(.data)
    Lower                                    0x20000022   Data           2  main.o(.data)
    Bounces                                  0x20000024   Data           2  main.o(.data)
    Timer                                    0x20000026   Data           2  main.o(.data)
    button                                   0x20000028   Data           1  main.o(.data)
    Page                                     0x20000029   Data           1  main.o(.data)
    t                                        0x2000002c   Data          10  main.o(.bss)
    upper                                    0x20000036   Data          10  main.o(.bss)
    lower                                    0x20000040   Data          10  main.o(.bss)
    bounces                                  0x2000004a   Data          10  main.o(.bss)
    __libspace_start                         0x20000054   Data          96  libspace.o(.bss)
    __temporary_stack_top$libspace           0x200000b4   Data           0  libspace.o(.bss)



==============================================================================

Memory Map of the image

  Image Entry point : 0x080001d5

  Load Region LR_1 (Base: 0x08000000, Size: 0x00005d94, Max: 0xffffffff, ABSOLUTE)

    Execution Region ER_RO (Exec base: 0x08000000, Load base: 0x08000000, Size: 0x00005d68, Max: 0xffffffff, ABSOLUTE)

    Exec Addr    Load Addr    Size         Type   Attr      Idx    E Section Name        Object

    0x08000000   0x08000000   0x00000130   Data   RO          479    RESET               startup_stm32f10x_hd.o
    0x08000130   0x08000130   0x00000008   Code   RO         3651  * !!!main             c_w.l(__main.o)
    0x08000138   0x08000138   0x00000034   Code   RO         3844    !!!scatter          c_w.l(__scatter.o)
    0x0800016c   0x0800016c   0x0000001a   Code   RO         3846    !!handler_copy      c_w.l(__scatter_copy.o)
    0x08000186   0x08000186   0x00000002   PAD
    0x08000188   0x08000188   0x0000001c   Code   RO         3848    !!handler_zi        c_w.l(__scatter_zi.o)
    0x080001a4   0x080001a4   0x00000000   Code   RO         3648    .ARM.Collect$$_printf_percent$$00000000  c_w.l(_printf_percent.o)
    0x080001a4   0x080001a4   0x00000006   Code   RO         3647    .ARM.Collect$$_printf_percent$$00000009  c_w.l(_printf_d.o)
    0x080001aa   0x080001aa   0x00000004   Code   RO         3682    .ARM.Collect$$_printf_percent$$00000017  c_w.l(_printf_percent_end.o)
    0x080001ae   0x080001ae   0x00000002   Code   RO         3714    .ARM.Collect$$libinit$$00000000  c_w.l(libinit.o)
    0x080001b0   0x080001b0   0x00000000   Code   RO         3721    .ARM.Collect$$libinit$$00000002  c_w.l(libinit2.o)
    0x080001b0   0x080001b0   0x00000000   Code   RO         3723    .ARM.Collect$$libinit$$00000004  c_w.l(libinit2.o)
    0x080001b0   0x080001b0   0x00000000   Code   RO         3726    .ARM.Collect$$libinit$$0000000A  c_w.l(libinit2.o)
    0x080001b0   0x080001b0   0x00000000   Code   RO         3728    .ARM.Collect$$libinit$$0000000C  c_w.l(libinit2.o)
    0x080001b0   0x080001b0   0x00000000   Code   RO         3730    .ARM.Collect$$libinit$$0000000E  c_w.l(libinit2.o)
    0x080001b0   0x080001b0   0x00000000   Code   RO         3733    .ARM.Collect$$libinit$$00000011  c_w.l(libinit2.o)
    0x080001b0   0x080001b0   0x00000000   Code   RO         3735    .ARM.Collect$$libinit$$00000013  c_w.l(libinit2.o)
    0x080001b0   0x080001b0   0x00000000   Code   RO         3737    .ARM.Collect$$libinit$$00000015  c_w.l(libinit2.o)
    0x080001b0   0x080001b0   0x00000000   Code   RO         3739    .ARM.Collect$$libinit$$00000017  c_w.l(libinit2.o)
    0x080001b0   0x080001b0   0x00000000   Code   RO         3741    .ARM.Collect$$libinit$$00000019  c_w.l(libinit2.o)
    0x080001b0   0x080001b0   0x00000000   Code   RO         3743    .ARM.Collect$$libinit$$0000001B  c_w.l(libinit2.o)
    0x080001b0   0x080001b0   0x00000000   Code   RO         3745    .ARM.Collect$$libinit$$0000001D  c_w.l(libinit2.o)
    0x080001b0   0x080001b0   0x00000000   Code   RO         3747    .ARM.Collect$$libinit$$0000001F  c_w.l(libinit2.o)
    0x080001b0   0x080001b0   0x00000000   Code   RO         3749    .ARM.Collect$$libinit$$00000021  c_w.l(libinit2.o)
    0x080001b0   0x080001b0   0x00000000   Code   RO         3751    .ARM.Collect$$libinit$$00000023  c_w.l(libinit2.o)
    0x080001b0   0x080001b0   0x00000000   Code   RO         3753    .ARM.Collect$$libinit$$00000025  c_w.l(libinit2.o)
    0x080001b0   0x080001b0   0x00000000   Code   RO         3757    .ARM.Collect$$libinit$$0000002C  c_w.l(libinit2.o)
    0x080001b0   0x080001b0   0x00000000   Code   RO         3759    .ARM.Collect$$libinit$$0000002E  c_w.l(libinit2.o)
    0x080001b0   0x080001b0   0x00000000   Code   RO         3761    .ARM.Collect$$libinit$$00000030  c_w.l(libinit2.o)
    0x080001b0   0x080001b0   0x00000000   Code   RO         3763    .ARM.Collect$$libinit$$00000032  c_w.l(libinit2.o)
    0x080001b0   0x080001b0   0x00000002   Code   RO         3764    .ARM.Collect$$libinit$$00000033  c_w.l(libinit2.o)
    0x080001b2   0x080001b2   0x00000002   Code   RO         3784    .ARM.Collect$$libshutdown$$00000000  c_w.l(libshutdown.o)
    0x080001b4   0x080001b4   0x00000000   Code   RO         3797    .ARM.Collect$$libshutdown$$00000002  c_w.l(libshutdown2.o)
    0x080001b4   0x080001b4   0x00000000   Code   RO         3799    .ARM.Collect$$libshutdown$$00000004  c_w.l(libshutdown2.o)
    0x080001b4   0x080001b4   0x00000000   Code   RO         3802    .ARM.Collect$$libshutdown$$00000007  c_w.l(libshutdown2.o)
    0x080001b4   0x080001b4   0x00000000   Code   RO         3805    .ARM.Collect$$libshutdown$$0000000A  c_w.l(libshutdown2.o)
    0x080001b4   0x080001b4   0x00000000   Code   RO         3807    .ARM.Collect$$libshutdown$$0000000C  c_w.l(libshutdown2.o)
    0x080001b4   0x080001b4   0x00000000   Code   RO         3810    .ARM.Collect$$libshutdown$$0000000F  c_w.l(libshutdown2.o)
    0x080001b4   0x080001b4   0x00000002   Code   RO         3811    .ARM.Collect$$libshutdown$$00000010  c_w.l(libshutdown2.o)
    0x080001b6   0x080001b6   0x00000000   Code   RO         3675    .ARM.Collect$$rtentry$$00000000  c_w.l(__rtentry.o)
    0x080001b6   0x080001b6   0x00000000   Code   RO         3689    .ARM.Collect$$rtentry$$00000002  c_w.l(__rtentry2.o)
    0x080001b6   0x080001b6   0x00000006   Code   RO         3701    .ARM.Collect$$rtentry$$00000004  c_w.l(__rtentry4.o)
    0x080001bc   0x080001bc   0x00000000   Code   RO         3691    .ARM.Collect$$rtentry$$00000009  c_w.l(__rtentry2.o)
    0x080001bc   0x080001bc   0x00000004   Code   RO         3692    .ARM.Collect$$rtentry$$0000000A  c_w.l(__rtentry2.o)
    0x080001c0   0x080001c0   0x00000000   Code   RO         3694    .ARM.Collect$$rtentry$$0000000C  c_w.l(__rtentry2.o)
    0x080001c0   0x080001c0   0x00000008   Code   RO         3695    .ARM.Collect$$rtentry$$0000000D  c_w.l(__rtentry2.o)
    0x080001c8   0x080001c8   0x00000002   Code   RO         3718    .ARM.Collect$$rtexit$$00000000  c_w.l(rtexit.o)
    0x080001ca   0x080001ca   0x00000000   Code   RO         3766    .ARM.Collect$$rtexit$$00000002  c_w.l(rtexit2.o)
    0x080001ca   0x080001ca   0x00000004   Code   RO         3767    .ARM.Collect$$rtexit$$00000003  c_w.l(rtexit2.o)
    0x080001ce   0x080001ce   0x00000006   Code   RO         3768    .ARM.Collect$$rtexit$$00000004  c_w.l(rtexit2.o)
    0x080001d4   0x080001d4   0x00000040   Code   RO          480  * .text               startup_stm32f10x_hd.o
    0x08000214   0x08000214   0x00000028   Code   RO         3621    .text               c_w.l(noretval__2sprintf.o)
    0x0800023c   0x0800023c   0x00000068   Code   RO         3623    .text               c_w.l(__printf.o)
    0x080002a4   0x080002a4   0x00000078   Code   RO         3625    .text               c_w.l(_printf_dec.o)
    0x0800031c   0x0800031c   0x00000006   Code   RO         3649    .text               c_w.l(heapauxi.o)
    0x08000322   0x08000322   0x000000b2   Code   RO         3676    .text               c_w.l(_printf_intcommon.o)
    0x080003d4   0x080003d4   0x00000030   Code   RO         3678    .text               c_w.l(_printf_char_common.o)
    0x08000404   0x08000404   0x0000000a   Code   RO         3680    .text               c_w.l(_sputc.o)
    0x0800040e   0x0800040e   0x0000004a   Code   RO         3705    .text               c_w.l(sys_stackheap_outer.o)
    0x08000458   0x08000458   0x00000012   Code   RO         3707    .text               c_w.l(exit.o)
    0x0800046a   0x0800046a   0x00000002   PAD
    0x0800046c   0x0800046c   0x00000008   Code   RO         3715    .text               c_w.l(libspace.o)
    0x08000474   0x08000474   0x0000000c   Code   RO         3776    .text               c_w.l(sys_exit.o)
    0x08000480   0x08000480   0x00000002   Code   RO         3787    .text               c_w.l(use_no_semi.o)
    0x08000482   0x08000482   0x00000000   Code   RO         3789    .text               c_w.l(indicate_semi.o)
    0x08000482   0x08000482   0x00000004   Code   RO         3553    i.BusFault_Handler  stm32f10x_it.o
    0x08000486   0x08000486   0x00000002   Code   RO         3554    i.DebugMon_Handler  stm32f10x_it.o
    0x08000488   0x08000488   0x0000000c   Code   RO         3451    i.Delay             main.o
    0x08000494   0x08000494   0x0000002c   Code   RO          254    i.EIE3810_Buzzer_Init  eie3810_buzzer.o
    0x080004c0   0x080004c0   0x000000c4   Code   RO          281    i.EIE3810_KEY_Init  eie3810_key.o
    0x08000584   0x08000584   0x000000a0   Code   RO          282    i.EIE3810_Key0_EXTIInit  eie3810_key.o
    0x08000624   0x08000624   0x000000a0   Code   RO          283    i.EIE3810_Key1_EXTIInit  eie3810_key.o
    0x080006c4   0x080006c4   0x000000a0   Code   RO          284    i.EIE3810_Key2_EXTIInit  eie3810_key.o
    0x08000764   0x08000764   0x00000098   Code   RO          285    i.EIE3810_KeyUp_EXTIInit  eie3810_key.o
    0x080007fc   0x080007fc   0x0000005c   Code   RO          110    i.EIE3810_LED_Init  eie3810_led.o
    0x08000858   0x08000858   0x00000028   Code   RO         3452    i.EIE3810_NVIC_SetPriorityGroup  main.o
    0x08000880   0x08000880   0x00000018   Code   RO         3453    i.EIE3810_SYSTICK_Init  main.o
    0x08000898   0x08000898   0x0000007a   Code   RO          149    i.EIE3810_TFTLCD_Clear  eie3810_tftlcd.o
    0x08000912   0x08000912   0x00000002   PAD
    0x08000914   0x08000914   0x0000005c   Code   RO          150    i.EIE3810_TFTLCD_DrawALL  eie3810_tftlcd.o
    0x08000970   0x08000970   0x0000015e   Code   RO          151    i.EIE3810_TFTLCD_DrawCircle  eie3810_tftlcd.o
    0x08000ace   0x08000ace   0x0000004e   Code   RO          152    i.EIE3810_TFTLCD_DrawDot  eie3810_tftlcd.o
    0x08000b1c   0x08000b1c   0x000000ac   Code   RO          153    i.EIE3810_TFTLCD_FillRectangle  eie3810_tftlcd.o
    0x08000bc8   0x08000bc8   0x00000184   Code   RO          154    i.EIE3810_TFTLCD_Init  eie3810_tftlcd.o
    0x08000d4c   0x08000d4c   0x00000ed0   Code   RO          155    i.EIE3810_TFTLCD_SetParameter  eie3810_tftlcd.o
    0x08001c1c   0x08001c1c   0x00000586   Code   RO          156    i.EIE3810_TFTLCD_SevenSegment  eie3810_tftlcd.o
    0x080021a2   0x080021a2   0x00000002   PAD
    0x080021a4   0x080021a4   0x000000b0   Code   RO          157    i.EIE3810_TFTLCD_ShowChar  eie3810_tftlcd.o
    0x08002254   0x08002254   0x00000120   Code   RO          158    i.EIE3810_TFTLCD_ShowChar2412  eie3810_tftlcd.o
    0x08002374   0x08002374   0x00000008   Code   RO          159    i.EIE3810_TFTLCD_WrCmd  eie3810_tftlcd.o
    0x0800237c   0x0800237c   0x00000010   Code   RO          160    i.EIE3810_TFTLCD_WrCmdData  eie3810_tftlcd.o
    0x0800238c   0x0800238c   0x0000000c   Code   RO          161    i.EIE3810_TFTLCD_WrData  eie3810_tftlcd.o
    0x08002398   0x08002398   0x00000054   Code   RO         3454    i.EIE3810_TIM3_Init  main.o
    0x080023ec   0x080023ec   0x00000054   Code   RO         3455    i.EIE3810_TIM4_Init  main.o
    0x08002440   0x08002440   0x00000020   Code   RO          369    i.EIE3810_USART1_EXTIInit  eie3810_usart.o
    0x08002460   0x08002460   0x000000c8   Code   RO          370    i.EIE3810_USART1_Init  eie3810_usart.o
    0x08002528   0x08002528   0x000000ac   Code   RO            1    i.EIE3810_clock_tree_init1  eie3810_clock.o
    0x080025d4   0x080025d4   0x00000010   Code   RO          286    i.EIE3810_read_KEY0  eie3810_key.o
    0x080025e4   0x080025e4   0x00000010   Code   RO          287    i.EIE3810_read_KEY1  eie3810_key.o
    0x080025f4   0x080025f4   0x00000010   Code   RO          288    i.EIE3810_read_KEY2  eie3810_key.o
    0x08002604   0x08002604   0x00000014   Code   RO          289    i.EIE3810_read_KEY_UP  eie3810_key.o
    0x08002618   0x08002618   0x0000000c   Code   RO          111    i.EIE3810_turn_off_LED0  eie3810_led.o
    0x08002624   0x08002624   0x0000000c   Code   RO          112    i.EIE3810_turn_off_LED1  eie3810_led.o
    0x08002630   0x08002630   0x0000000c   Code   RO          113    i.EIE3810_turn_on_LED0  eie3810_led.o
    0x0800263c   0x0800263c   0x0000000c   Code   RO          114    i.EIE3810_turn_on_LED1  eie3810_led.o
    0x08002648   0x08002648   0x0000013c   Code   RO          290    i.EXTI0_IRQHandler  eie3810_key.o
    0x08002784   0x08002784   0x00000068   Code   RO          291    i.EXTI2_IRQHandler  eie3810_key.o
    0x080027ec   0x080027ec   0x00000158   Code   RO          292    i.EXTI3_IRQHandler  eie3810_key.o
    0x08002944   0x08002944   0x00000248   Code   RO          293    i.EXTI4_IRQHandler  eie3810_key.o
    0x08002b8c   0x08002b8c   0x00000004   Code   RO         3555    i.HardFault_Handler  stm32f10x_it.o
    0x08002b90   0x08002b90   0x00000070   Code   RO         3457    i.JOYPAD_Init       main.o
    0x08002c00   0x08002c00   0x00000080   Code   RO         3458    i.JOYPAD_Read       main.o
    0x08002c80   0x08002c80   0x00000004   Code   RO         3556    i.MemManage_Handler  stm32f10x_it.o
    0x08002c84   0x08002c84   0x00000002   Code   RO         3557    i.NMI_Handler       stm32f10x_it.o
    0x08002c86   0x08002c86   0x00000002   Code   RO         3558    i.PendSV_Handler    stm32f10x_it.o
    0x08002c88   0x08002c88   0x00000002   Code   RO         3559    i.SVC_Handler       stm32f10x_it.o
    0x08002c8a   0x08002c8a   0x00000008   Code   RO          424    i.SetSysClock       system_stm32f10x.o
    0x08002c92   0x08002c92   0x00000002   PAD
    0x08002c94   0x08002c94   0x000000e0   Code   RO          425    i.SetSysClockTo72   system_stm32f10x.o
    0x08002d74   0x08002d74   0x00000010   Code   RO         3560    i.SysTick_Handler   stm32f10x_it.o
    0x08002d84   0x08002d84   0x00000060   Code   RO          427    i.SystemInit        system_stm32f10x.o
    0x08002de4   0x08002de4   0x000002a8   Code   RO         3459    i.TIM3_IRQHandler   main.o
    0x0800308c   0x0800308c   0x000001ac   Code   RO         3460    i.TIM4_IRQHandler   main.o
    0x08003238   0x08003238   0x00000270   Code   RO          372    i.USART1_IRQHandler  eie3810_usart.o
    0x080034a8   0x080034a8   0x00000004   Code   RO         3561    i.UsageFault_Handler  stm32f10x_it.o
    0x080034ac   0x080034ac   0x00000b24   Code   RO         3461    i.main              main.o
    0x08003fd0   0x08003fd0   0x00000038   Code   RO          162    i.printString       eie3810_tftlcd.o
    0x08004008   0x08004008   0x00000038   Code   RO          163    i.printString2412   eie3810_tftlcd.o
    0x08004040   0x08004040   0x000000c4   Code   RO         3653    x$fpl$fadd          fz_ws.l(faddsub_clz.o)
    0x08004104   0x08004104   0x00000184   Code   RO         3660    x$fpl$fdiv          fz_ws.l(fdiv.o)
    0x08004288   0x08004288   0x0000003e   Code   RO         3663    x$fpl$ffixu         fz_ws.l(ffixu.o)
    0x080042c6   0x080042c6   0x00000002   PAD
    0x080042c8   0x080042c8   0x00000026   Code   RO         3667    x$fpl$ffltu         fz_ws.l(fflt_clz.o)
    0x080042ee   0x080042ee   0x00000002   PAD
    0x080042f0   0x080042f0   0x00000102   Code   RO         3673    x$fpl$fmul          fz_ws.l(fmul.o)
    0x080043f2   0x080043f2   0x0000008c   Code   RO         3683    x$fpl$fnaninf       fz_ws.l(fnaninf.o)
    0x0800447e   0x0800447e   0x0000000a   Code   RO         3685    x$fpl$fretinf       fz_ws.l(fretinf.o)
    0x08004488   0x08004488   0x00000014   Code   RO         3654    x$fpl$frsb          fz_ws.l(faddsub_clz.o)
    0x0800449c   0x0800449c   0x000000ea   Code   RO         3655    x$fpl$fsub          fz_ws.l(faddsub_clz.o)
    0x08004586   0x08004586   0x00000000   Code   RO         3687    x$fpl$usenofp       fz_ws.l(usenofp.o)
    0x08004586   0x08004586   0x000017c0   Data   RO          164    .constdata          eie3810_tftlcd.o
    0x08005d46   0x08005d46   0x00000002   PAD
    0x08005d48   0x08005d48   0x00000020   Data   RO         3842    Region$$Table       anon$$obj.o


    Execution Region ER_RW (Exec base: 0x20000000, Load base: 0x08005d68, Size: 0x0000002c, Max: 0xffffffff, ABSOLUTE)

    Exec Addr    Load Addr    Size         Type   Attr      Idx    E Section Name        Object

    0x20000000   0x08005d68   0x00000002   Data   RW          294    .data               eie3810_key.o
    0x20000002   0x08005d6a   0x00000002   PAD
    0x20000004   0x08005d6c   0x00000026   Data   RW         3463    .data               main.o


    Execution Region ER_ZI (Exec base: 0x2000002c, Load base: 0x08005d94, Size: 0x0000068c, Max: 0xffffffff, ABSOLUTE)

    Exec Addr    Load Addr    Size         Type   Attr      Idx    E Section Name        Object

    0x2000002c        -       0x00000028   Zero   RW         3462    .bss                main.o
    0x20000054        -       0x00000060   Zero   RW         3716    .bss                c_w.l(libspace.o)
    0x200000b4   0x08005d94   0x00000004   PAD
    0x200000b8        -       0x00000200   Zero   RW          478    HEAP                startup_stm32f10x_hd.o
    0x200002b8        -       0x00000400   Zero   RW          477    STACK               startup_stm32f10x_hd.o


==============================================================================

Image component sizes


      Code (inc. data)   RO Data    RW Data    ZI Data      Debug   Object Name

         0          0          0          0          0         32   core_cm3.o
        44          8          0          0          0        422   eie3810_buzzer.o
       172          8          0          0          0     208099   eie3810_clock.o
      2244        500          0          2          0       6275   eie3810_key.o
       140         28          0          0          0       2097   eie3810_led.o
      7020         66       6080          0          0      12504   eie3810_tftlcd.o
       856        328          0          0          0       1672   eie3810_usart.o
      4444        794          0         38         40       7460   main.o
        64         26        304          0       1536        772   startup_stm32f10x_hd.o
        40          4          0          0          0       3566   stm32f10x_it.o
       328         28          0          0          0       1737   system_stm32f10x.o

    ----------------------------------------------------------------------
     15358       1790       6418         44       1576     244636   Object Totals
         0          0         32          0          0          0   (incl. Generated)
         6          0          2          4          0          0   (incl. Padding)

    ----------------------------------------------------------------------

      Code (inc. data)   RO Data    RW Data    ZI Data      Debug   Library Member Name

         8          0          0          0          0         68   __main.o
       104          0          0          0          0         84   __printf.o
         0          0          0          0          0          0   __rtentry.o
        12          0          0          0          0          0   __rtentry2.o
         6          0          0          0          0          0   __rtentry4.o
        52          8          0          0          0          0   __scatter.o
        26          0          0          0          0          0   __scatter_copy.o
        28          0          0          0          0          0   __scatter_zi.o
        48          6          0          0          0         96   _printf_char_common.o
         6          0          0          0          0          0   _printf_d.o
       120         16          0          0          0         92   _printf_dec.o
       178          0          0          0          0         88   _printf_intcommon.o
         0          0          0          0          0          0   _printf_percent.o
         4          0          0          0          0          0   _printf_percent_end.o
        10          0          0          0          0         68   _sputc.o
        18          0          0          0          0         80   exit.o
         6          0          0          0          0        152   heapauxi.o
         0          0          0          0          0          0   indicate_semi.o
         2          0          0          0          0          0   libinit.o
         2          0          0          0          0          0   libinit2.o
         2          0          0          0          0          0   libshutdown.o
         2          0          0          0          0          0   libshutdown2.o
         8          4          0          0         96         68   libspace.o
        40          6          0          0          0         84   noretval__2sprintf.o
         2          0          0          0          0          0   rtexit.o
        10          0          0          0          0          0   rtexit2.o
        12          4          0          0          0         68   sys_exit.o
        74          0          0          0          0         80   sys_stackheap_outer.o
         2          0          0          0          0         68   use_no_semi.o
       450          8          0          0          0        236   faddsub_clz.o
       388         76          0          0          0         96   fdiv.o
        62          4          0          0          0         84   ffixu.o
        38          0          0          0          0         68   fflt_clz.o
       258          4          0          0          0         84   fmul.o
       140          4          0          0          0         84   fnaninf.o
        10          0          0          0          0         68   fretinf.o
         0          0          0          0          0          0   usenofp.o

    ----------------------------------------------------------------------
      2136        140          0          0        100       1816   Library Totals
         8          0          0          0          4          0   (incl. Padding)

    ----------------------------------------------------------------------

      Code (inc. data)   RO Data    RW Data    ZI Data      Debug   Library Name

       782         44          0          0         96       1096   c_w.l
      1346         96          0          0          0        720   fz_ws.l

    ----------------------------------------------------------------------
      2136        140          0          0        100       1816   Library Totals

    ----------------------------------------------------------------------

==============================================================================


      Code (inc. data)   RO Data    RW Data    ZI Data      Debug   

     17494       1930       6418         44       1676     242652   Grand Totals
     17494       1930       6418         44       1676     242652   ELF Image Totals
     17494       1930       6418         44          0          0   ROM Totals

==============================================================================

    Total RO  Size (Code + RO Data)                23912 (  23.35kB)
    Total RW  Size (RW Data + ZI Data)              1720 (   1.68kB)
    Total ROM Size (Code + RO Data + RW Data)      23956 (  23.39kB)

==============================================================================

